12/21/21 - Raspbian OS details w.r.t Arduino uno serial com / upload capablity
         > to be used for A/B compare with non functional Ubuntu 64b OS for RaspPi

1.) arduino ide 2:1.0.5+dfsg2-4.1   <<<??? (strange version info but it does work)
1.a) arduino uno r3 connected to USB 2.0 port (found as /dev/ttyACM0)
1.b) both loopback and sucessful upload capablity on both usb 2.0 and 3.0 ports prove cable
     ard uno board are capable/functional.
2.) bluetooth is on and functional concurrent with arduino use - some search results say
    this is not advised or not possible..??  followup - what uart is ttyACM0 bound to?
3.) raspi config used for config: SSH/SPI/Serial Port/Serial Console all enabled 
4.) symlink /dev/seraial (/by-id and /by-path) appear and disappear depending if ard uno
    board is plugged in or not - seems important but not sure; it does not work this way 
    in the ubuntu dt os at present state...

<<< system details below >>>

pi@shamoke-rpi1:~ $ whoami
pi

pi@shamoke-rpi1:~ $ lscpu
Architecture:        armv7l
Byte Order:          Little Endian
CPU(s):              4
On-line CPU(s) list: 0-3
Thread(s) per core:  1
Core(s) per socket:  4
Socket(s):           1
Vendor ID:           ARM
Model:               3
Model name:          Cortex-A72
Stepping:            r0p3
CPU max MHz:         1500.0000
CPU min MHz:         600.0000
BogoMIPS:            270.00
Flags:               half thumb fastmult vfp edsp neon vfpv3 tls vfpv4 idiva idivt vfpd32 lpae evtstrm crc32

pi@shamoke-rpi1:~ $ cat /etc/os-release
PRETTY_NAME="Raspbian GNU/Linux 10 (buster)"
NAME="Raspbian GNU/Linux"
VERSION_ID="10"
VERSION="10 (buster)"
VERSION_CODENAME=buster
ID=raspbian
ID_LIKE=debian
HOME_URL="http://www.raspbian.org/"
SUPPORT_URL="http://www.raspbian.org/RaspbianForums"
BUG_REPORT_URL="http://www.raspbian.org/RaspbianBugs"

pi@shamoke-rpi1:~ $ uname -a
Linux shamoke-rpi1 5.10.63-v7l+ #1496 SMP Wed Dec 1 15:58:56 GMT 2021 armv7l GNU/Linux

pi@shamoke-rpi1:~ $ groups
pi adm dialout cdrom sudo audio video plugdev games users input netdev gpio i2c spi

pi@shamoke-rpi1:~ $ id -Gn
pi adm dialout cdrom sudo audio video plugdev games users input netdev gpio i2c spi

pi@shamoke-rpi1:~ $ lsusb
Bus 002 Device 001: ID 1d6b:0003 Linux Foundation 3.0 root hub
Bus 001 Device 013: ID 2a03:0043 dog hunter AG Arduino Uno Rev3
Bus 001 Device 006: ID 046d:c52b Logitech, Inc. Unifying Receiver
Bus 001 Device 005: ID 0461:4d51 Primax Electronics, Ltd 0Y357C PMX-MMOCZUL (B) [Dell Laser Mouse]
Bus 001 Device 007: ID 058f:6387 Alcor Micro Corp. Flash Drive
Bus 001 Device 004: ID 413c:2105 Dell Computer Corp. Model L100 Keyboard
Bus 001 Device 003: ID 0424:2514 Standard Microsystems Corp. USB 2.0 Hub
Bus 001 Device 002: ID 2109:3431 VIA Labs, Inc. Hub
Bus 001 Device 001: ID 1d6b:0002 Linux Foundation 2.0 root hub


pi@shamoke-rpi1:~ $ lsusb -v -d 2a03:0043

Bus 001 Device 004: ID 2a03:0043 dog hunter AG Arduino Uno Rev3
Couldn't open device, some information will be missing
Device Descriptor:
  bLength                18
  bDescriptorType         1
  bcdUSB               1.10
  bDeviceClass            2 Communications
  bDeviceSubClass         0 
  bDeviceProtocol         0 
  bMaxPacketSize0         8
  idVendor           0x2a03 dog hunter AG
  idProduct          0x0043 Arduino Uno Rev3
  bcdDevice            0.01
  iManufacturer           1 
  iProduct                2 
  iSerial               220 
  bNumConfigurations      1
  Configuration Descriptor:
    bLength                 9
    bDescriptorType         2
    wTotalLength       0x003e
    bNumInterfaces          2
    bConfigurationValue     1
    iConfiguration          0 
    bmAttributes         0xc0
      Self Powered
    MaxPower              100mA
    Interface Descriptor:
      bLength                 9
      bDescriptorType         4
      bInterfaceNumber        0
      bAlternateSetting       0
      bNumEndpoints           1
      bInterfaceClass         2 Communications
      bInterfaceSubClass      2 Abstract (modem)
      bInterfaceProtocol      1 AT-commands (v.25ter)
      iInterface              0 
      CDC Header:
        bcdCDC               10.01
      CDC ACM:
        bmCapabilities       0x06
          sends break
          line coding and serial state
      CDC Union:
        bMasterInterface        0
        bSlaveInterface         1 
      Endpoint Descriptor:
        bLength                 7
        bDescriptorType         5
        bEndpointAddress     0x82  EP 2 IN
        bmAttributes            3
          Transfer Type            Interrupt
          Synch Type               None
          Usage Type               Data
        wMaxPacketSize     0x0008  1x 8 bytes
        bInterval             255
    Interface Descriptor:
      bLength                 9
      bDescriptorType         4
      bInterfaceNumber        1
      bAlternateSetting       0
      bNumEndpoints           2
      bInterfaceClass        10 CDC Data
      bInterfaceSubClass      0 
      bInterfaceProtocol      0 
      iInterface              0 
      Endpoint Descriptor:
        bLength                 7
        bDescriptorType         5
        bEndpointAddress     0x04  EP 4 OUT
        bmAttributes            2
          Transfer Type            Bulk
          Synch Type               None
          Usage Type               Data
        wMaxPacketSize     0x0040  1x 64 bytes
        bInterval               1
      Endpoint Descriptor:
        bLength                 7
        bDescriptorType         5
        bEndpointAddress     0x83  EP 3 IN
        bmAttributes            2
          Transfer Type            Bulk
          Synch Type               None
          Usage Type               Data
        wMaxPacketSize     0x0040  1x 64 bytes
        bInterval               1


pi@shamoke-rpi1:~ $ sudo lshw | grep -i -B4 -A3 'usb@'
           *-usbhost:0      
                product: xHCI Host Controller
                vendor: Linux 5.10.63-v7l+ xhci-hcd
                physical id: 0
                bus info: usb@1
                logical name: usb1
                version: 5.10
                capabilities: usb-2.00
--
                   description: USB hub
                   product: USB2.0 Hub
                   vendor: VIA Labs, Inc.
                   physical id: 1
                   bus info: usb@1:1
                   version: 4.21
                   capabilities: usb-2.10
                   configuration: driver=hub maxpower=100mA slots=4 speed=480Mbit/s
--
                      description: USB hub
                      product: USB 2.0 Hub
                      vendor: Standard Microsystems Corp.
                      physical id: 1
                      bus info: usb@1:1.1
                      version: b.b3
                      capabilities: usb-2.00
                      configuration: driver=hub maxpower=100mA slots=4 speed=480Mbit/s
--
                         description: Keyboard
                         product: Dell USB Keyboard
                         vendor: Dell
                         physical id: 1
                         bus info: usb@1:1.1.1
                         version: 3.52
                         capabilities: usb-1.10
                         configuration: driver=usbhid maxpower=70mA speed=2Mbit/s
--
                         description: Mass storage device
                         product: Mass Storage
                         vendor: Generic
                         physical id: 2
                         bus info: usb@1:1.1.2
                         logical name: scsi0
                         version: 1.02
                         serial: 884B4EFE
--
                         description: Mouse
                         product: DELL Laser Mouse
                         vendor: Primax Electronics, Ltd
                         physical id: 3
                         bus info: usb@1:1.1.3
                         version: 7.17
                         capabilities: usb-2.00
                         configuration: driver=usbhid maxpower=100mA speed=2Mbit/s
--
                         description: Keyboard
                         product: USB Receiver
                         vendor: Logitech
                         physical id: 4
                         bus info: usb@1:1.1.4
                         version: 12.01
                         capabilities: usb-2.00
                         configuration: driver=usbhid maxpower=98mA speed=12Mbit/s
--
                      description: Communication device
                      product: Arduino Uno
                      vendor: Arduino Srl
                      physical id: 3
                      bus info: usb@1:1.3
                      version: 0.01
                      serial: 75431343334351F092A0
                      capabilities: usb-1.10
--
           *-usbhost:1
                product: xHCI Host Controller
                vendor: Linux 5.10.63-v7l+ xhci-hcd
                physical id: 1
                bus info: usb@2
                logical name: usb2
                version: 5.10
                capabilities: usb-3.00



pi@shamoke-rpi1:~ $ ls -l /dev/
total 0
crw-r--r--  1 root root     10, 235 Dec 21 00:17 autofs
drwxr-xr-x  2 root root         680 Dec 21 00:17 block
drwxr-xr-x  2 root root          60 Dec 21 00:17 bsg
crw-------  1 root root     10, 234 Dec 21 00:17 btrfs-control
drwxr-xr-x  3 root root          60 Dec 31  1969 bus
crw-------  1 root root     10,  62 Dec 21 00:17 cachefiles
drwxr-xr-x  2 root root        3500 Dec 21 00:17 char
crw-------  1 root root      5,   1 Dec 21 00:17 console
crw-------  1 root root     10, 203 Dec 21 00:17 cuse
drwxr-xr-x  7 root root         140 Dec 21 00:17 disk
drwxr-xr-x  2 root root          80 Dec 31  1969 dma_heap
drwxr-xr-x  3 root root         120 Dec 21 00:17 dri
crw-rw----  1 root video    29,   0 Dec 21 00:17 fb0
lrwxrwxrwx  1 root root          13 Feb 14  2019 fd -> /proc/self/fd
crw-rw-rw-  1 root root      1,   7 Dec 21 00:17 full
crw-rw-rw-  1 root root     10, 229 Dec 21 00:17 fuse
crw-rw----  1 root gpio    254,   0 Dec 21 00:17 gpiochip0
crw-rw----  1 root gpio    254,   1 Dec 21 00:17 gpiochip1
crw-rw----  1 root gpio    246,   0 Dec 21 00:17 gpiomem
crw-------  1 root root    243,   0 Dec 21 00:17 hidraw0
crw-------  1 root root    243,   1 Dec 21 00:17 hidraw1
crw-------  1 root root    243,   2 Dec 21 00:17 hidraw2
crw-------  1 root root    243,   3 Dec 21 00:17 hidraw3
crw-------  1 root root    243,   4 Dec 21 00:17 hidraw4
crw-------  1 root root     10, 183 Dec 21 00:17 hwrng
lrwxrwxrwx  1 root root          12 Feb 14  2019 initctl -> /run/initctl
drwxr-xr-x  4 root root         220 Dec 21 00:17 input
crw-r--r--  1 root root      1,  11 Dec 21 00:17 kmsg
lrwxrwxrwx  1 root root          28 Feb 14  2019 log -> /run/systemd/journal/dev-log
brw-rw----  1 root disk      7,   0 Dec 21 00:17 loop0
brw-rw----  1 root disk      7,   1 Dec 21 00:17 loop1
brw-rw----  1 root disk      7,   2 Dec 21 00:17 loop2
brw-rw----  1 root disk      7,   3 Dec 21 00:17 loop3
brw-rw----  1 root disk      7,   4 Dec 21 00:17 loop4
brw-rw----  1 root disk      7,   5 Dec 21 00:17 loop5
brw-rw----  1 root disk      7,   6 Dec 21 00:17 loop6
brw-rw----  1 root disk      7,   7 Dec 21 00:17 loop7
crw-rw----  1 root disk     10, 237 Dec 21 00:17 loop-control
drwxr-xr-x  2 root root          60 Dec 21 00:17 mapper
crw-rw----  1 root video   240,   0 Dec 21 00:17 media0
crw-rw----  1 root video   240,   1 Dec 21 00:17 media1
crw-r-----  1 root kmem      1,   1 Dec 21 00:17 mem
brw-rw----  1 root disk    179,   0 Dec 21 00:17 mmcblk0
brw-rw----  1 root disk    179,   1 Dec 21 00:17 mmcblk0p1
brw-rw----  1 root disk    179,   2 Dec 21 00:17 mmcblk0p2
brw-rw----  1 root disk    179,   5 Dec 21 00:17 mmcblk0p5
brw-rw----  1 root disk    179,   6 Dec 21 00:17 mmcblk0p6
brw-rw----  1 root disk    179,   7 Dec 21 00:17 mmcblk0p7
drwxrwxrwt  2 root root          40 Dec 31  1969 mqueue
drwxr-xr-x  2 root root          60 Dec 21 00:17 net
crw-rw-rw-  1 root root      1,   3 Dec 21 00:17 null
crw-r-----  1 root kmem      1,   4 Dec 21 00:17 port
crw-------  1 root root    108,   0 Dec 21 00:17 ppp
crw-rw-rw-  1 root tty       5,   2 Dec 21 00:25 ptmx
drwxr-xr-x  2 root root           0 Feb 14  2019 pts
brw-rw----  1 root disk      1,   0 Dec 21 00:17 ram0
brw-rw----  1 root disk      1,   1 Dec 21 00:17 ram1
brw-rw----  1 root disk      1,  10 Dec 21 00:17 ram10
brw-rw----  1 root disk      1,  11 Dec 21 00:17 ram11
brw-rw----  1 root disk      1,  12 Dec 21 00:17 ram12
brw-rw----  1 root disk      1,  13 Dec 21 00:17 ram13
brw-rw----  1 root disk      1,  14 Dec 21 00:17 ram14
brw-rw----  1 root disk      1,  15 Dec 21 00:17 ram15
brw-rw----  1 root disk      1,   2 Dec 21 00:17 ram2
brw-rw----  1 root disk      1,   3 Dec 21 00:17 ram3
brw-rw----  1 root disk      1,   4 Dec 21 00:17 ram4
brw-rw----  1 root disk      1,   5 Dec 21 00:17 ram5
brw-rw----  1 root disk      1,   6 Dec 21 00:17 ram6
brw-rw----  1 root disk      1,   7 Dec 21 00:17 ram7
brw-rw----  1 root disk      1,   8 Dec 21 00:17 ram8
brw-rw----  1 root disk      1,   9 Dec 21 00:17 ram9
crw-rw-rw-  1 root root      1,   8 Dec 21 00:17 random
drwxr-xr-x  2 root root          60 Dec 31  1969 raw
crw-rw-r--  1 root netdev   10, 242 Dec 21 00:17 rfkill
crw-rw----  1 root video   236,   0 Dec 21 00:17 rpivid-h264mem
crw-rw----  1 root video   238,   0 Dec 21 00:17 rpivid-hevcmem
crw-rw----  1 root video   237,   0 Dec 21 00:17 rpivid-intcmem
crw-rw----  1 root video   235,   0 Dec 21 00:17 rpivid-vp9mem
brw-rw----  1 root disk      8,   0 Dec 21 00:17 sda
brw-rw----  1 root disk      8,   1 Dec 21 00:17 sda1
drwxr-xr-x  4 root root          80 Dec 21 00:17 serial
lrwxrwxrwx  1 root root           5 Dec 21 00:17 serial0 -> ttyS0
lrwxrwxrwx  1 root root           7 Dec 21 00:17 serial1 -> ttyAMA0
crw-rw----  1 root disk     21,   0 Dec 21 00:17 sg0
drwxrwxrwt  2 root root          40 Feb 14  2019 shm
drwxr-xr-x  3 root root         220 Dec 21 00:17 snd
crw-rw----  1 root spi     153,   0 Dec 21 00:17 spidev0.0
crw-rw----  1 root spi     153,   1 Dec 21 00:17 spidev0.1
lrwxrwxrwx  1 root root          15 Feb 14  2019 stderr -> /proc/self/fd/2
lrwxrwxrwx  1 root root          15 Feb 14  2019 stdin -> /proc/self/fd/0
lrwxrwxrwx  1 root root          15 Feb 14  2019 stdout -> /proc/self/fd/1
crw-rw-rw-  1 root tty       5,   0 Dec 21 00:17 tty
crw--w----  1 root tty       4,   0 Dec 21 00:17 tty0
crw-------  1 pi   tty       4,   1 Dec 21 00:17 tty1
crw--w----  1 root tty       4,  10 Dec 21 00:17 tty10
crw--w----  1 root tty       4,  11 Dec 21 00:17 tty11
crw--w----  1 root tty       4,  12 Dec 21 00:17 tty12
crw--w----  1 root tty       4,  13 Dec 21 00:17 tty13
crw--w----  1 root tty       4,  14 Dec 21 00:17 tty14
crw--w----  1 root tty       4,  15 Dec 21 00:17 tty15
crw--w----  1 root tty       4,  16 Dec 21 00:17 tty16
crw--w----  1 root tty       4,  17 Dec 21 00:17 tty17
crw--w----  1 root tty       4,  18 Dec 21 00:17 tty18
crw--w----  1 root tty       4,  19 Dec 21 00:17 tty19
crw--w----  1 root tty       4,   2 Dec 21 00:17 tty2
crw--w----  1 root tty       4,  20 Dec 21 00:17 tty20
crw--w----  1 root tty       4,  21 Dec 21 00:17 tty21
crw--w----  1 root tty       4,  22 Dec 21 00:17 tty22
crw--w----  1 root tty       4,  23 Dec 21 00:17 tty23
crw--w----  1 root tty       4,  24 Dec 21 00:17 tty24
crw--w----  1 root tty       4,  25 Dec 21 00:17 tty25
crw--w----  1 root tty       4,  26 Dec 21 00:17 tty26
crw--w----  1 root tty       4,  27 Dec 21 00:17 tty27
crw--w----  1 root tty       4,  28 Dec 21 00:17 tty28
crw--w----  1 root tty       4,  29 Dec 21 00:17 tty29
crw--w----  1 root tty       4,   3 Dec 21 00:17 tty3
crw--w----  1 root tty       4,  30 Dec 21 00:17 tty30
crw--w----  1 root tty       4,  31 Dec 21 00:17 tty31
crw--w----  1 root tty       4,  32 Dec 21 00:17 tty32
crw--w----  1 root tty       4,  33 Dec 21 00:17 tty33
crw--w----  1 root tty       4,  34 Dec 21 00:17 tty34
crw--w----  1 root tty       4,  35 Dec 21 00:17 tty35
crw--w----  1 root tty       4,  36 Dec 21 00:17 tty36
crw--w----  1 root tty       4,  37 Dec 21 00:17 tty37
crw--w----  1 root tty       4,  38 Dec 21 00:17 tty38
crw--w----  1 root tty       4,  39 Dec 21 00:17 tty39
crw--w----  1 root tty       4,   4 Dec 21 00:17 tty4
crw--w----  1 root tty       4,  40 Dec 21 00:17 tty40
crw--w----  1 root tty       4,  41 Dec 21 00:17 tty41
crw--w----  1 root tty       4,  42 Dec 21 00:17 tty42
crw--w----  1 root tty       4,  43 Dec 21 00:17 tty43
crw--w----  1 root tty       4,  44 Dec 21 00:17 tty44
crw--w----  1 root tty       4,  45 Dec 21 00:17 tty45
crw--w----  1 root tty       4,  46 Dec 21 00:17 tty46
crw--w----  1 root tty       4,  47 Dec 21 00:17 tty47
crw--w----  1 root tty       4,  48 Dec 21 00:17 tty48
crw--w----  1 root tty       4,  49 Dec 21 00:17 tty49
crw--w----  1 root tty       4,   5 Dec 21 00:17 tty5
crw--w----  1 root tty       4,  50 Dec 21 00:17 tty50
crw--w----  1 root tty       4,  51 Dec 21 00:17 tty51
crw--w----  1 root tty       4,  52 Dec 21 00:17 tty52
crw--w----  1 root tty       4,  53 Dec 21 00:17 tty53
crw--w----  1 root tty       4,  54 Dec 21 00:17 tty54
crw--w----  1 root tty       4,  55 Dec 21 00:17 tty55
crw--w----  1 root tty       4,  56 Dec 21 00:17 tty56
crw--w----  1 root tty       4,  57 Dec 21 00:17 tty57
crw--w----  1 root tty       4,  58 Dec 21 00:17 tty58
crw--w----  1 root tty       4,  59 Dec 21 00:17 tty59
crw--w----  1 root tty       4,   6 Dec 21 00:17 tty6
crw--w----  1 root tty       4,  60 Dec 21 00:17 tty60
crw--w----  1 root tty       4,  61 Dec 21 00:17 tty61
crw--w----  1 root tty       4,  62 Dec 21 00:17 tty62
crw--w----  1 root tty       4,  63 Dec 21 00:17 tty63
crw--w----  1 root tty       4,   7 Dec 21 00:17 tty7
crw--w----  1 root tty       4,   8 Dec 21 00:17 tty8
crw--w----  1 root tty       4,   9 Dec 21 00:17 tty9
crw-rw----+ 1 root dialout 166,   0 Dec 21 00:23 ttyACM0
crw-rw----  1 root dialout 204,  64 Dec 21 00:17 ttyAMA0
crw-------  1 root root      5,   3 Dec 21 00:17 ttyprintk
crw--w----  1 root tty       4,  64 Dec 21 00:17 ttyS0
crw-------  1 root root     10, 239 Dec 21 00:17 uhid
crw-------  1 root root     10, 223 Dec 21 00:17 uinput
crw-rw-rw-  1 root root      1,   9 Dec 21 00:17 urandom
drwxr-xr-x  2 root root          60 Dec 21 00:17 usb
drwxr-xr-x  3 root root          60 Dec 21 00:17 v4l
crw-rw----  1 root video   242,   0 Dec 21 00:17 vchiq
crw-rw----  1 root video   247,   0 Dec 21 00:17 vcio
crw-------  1 root root    248,   0 Dec 21 00:17 vc-mem
crw-rw----  1 root tty       7,   0 Dec 21 00:17 vcs
crw-rw----  1 root tty       7,   1 Dec 21 00:17 vcs1
crw-rw----  1 root tty       7,   2 Dec 21 00:17 vcs2
crw-rw----  1 root tty       7,   3 Dec 21 00:17 vcs3
crw-rw----  1 root tty       7,   4 Dec 21 00:17 vcs4
crw-rw----  1 root tty       7,   5 Dec 21 00:17 vcs5
crw-rw----  1 root tty       7,   6 Dec 21 00:17 vcs6
crw-rw----  1 root tty       7,   7 Dec 21 00:17 vcs7
crw-rw----  1 root tty       7, 128 Dec 21 00:17 vcsa
crw-rw----  1 root tty       7, 129 Dec 21 00:17 vcsa1
crw-rw----  1 root tty       7, 130 Dec 21 00:17 vcsa2
crw-rw----  1 root tty       7, 131 Dec 21 00:17 vcsa3
crw-rw----  1 root tty       7, 132 Dec 21 00:17 vcsa4
crw-rw----  1 root tty       7, 133 Dec 21 00:17 vcsa5
crw-rw----  1 root tty       7, 134 Dec 21 00:17 vcsa6
crw-rw----  1 root tty       7, 135 Dec 21 00:17 vcsa7
crw-rw-rw-  1 root root     10,  61 Dec 21 00:17 vcsm-cma
crw-rw----  1 root tty       7,  64 Dec 21 00:17 vcsu
crw-rw----  1 root tty       7,  65 Dec 21 00:17 vcsu1
crw-rw----  1 root tty       7,  66 Dec 21 00:17 vcsu2
crw-rw----  1 root tty       7,  67 Dec 21 00:17 vcsu3
crw-rw----  1 root tty       7,  68 Dec 21 00:17 vcsu4
crw-rw----  1 root tty       7,  69 Dec 21 00:17 vcsu5
crw-rw----  1 root tty       7,  70 Dec 21 00:17 vcsu6
crw-rw----  1 root tty       7,  71 Dec 21 00:17 vcsu7
crw-------  1 root root     10,  63 Dec 21 00:17 vga_arbiter
crw-------  1 root root     10, 137 Dec 21 00:17 vhci
crw-rw----+ 1 root video    81,   0 Dec 21 00:17 video10
crw-rw----+ 1 root video    81,   1 Dec 21 00:17 video11
crw-rw----+ 1 root video    81,   6 Dec 21 00:17 video12
crw-rw----+ 1 root video    81,   2 Dec 21 00:17 video13
crw-rw----+ 1 root video    81,   3 Dec 21 00:17 video14
crw-rw----+ 1 root video    81,   4 Dec 21 00:17 video15
crw-rw----+ 1 root video    81,   5 Dec 21 00:17 video16
crw-rw----+ 1 root video    81,   7 Dec 21 00:17 video18
crw-------  1 root root     10, 130 Dec 21 00:17 watchdog
crw-------  1 root root    250,   0 Dec 21 00:17 watchdog0
crw-rw-rw-  1 root root      1,   5 Dec 21 00:17 zero
 


pi@shamoke-rpi1:~ $ ls -l /dev/ser*
lrwxrwxrwx 1 root root  5 Dec 21 00:17 /dev/serial0 -> ttyS0
lrwxrwxrwx 1 root root  7 Dec 21 00:17 /dev/serial1 -> ttyAMA0

/dev/serial:
total 0
drwxr-xr-x 2 root root 60 Dec 21 00:17 by-id
drwxr-xr-x 2 root root 60 Dec 21 00:17 by-path

pi@shamoke-rpi1:~ $ ls -l /dev/serial/by-id
total 0
lrwxrwxrwx 1 root root 13 Dec 21 00:17 usb-Arduino_Srl_Arduino_Uno_75431343334351F092A0-if00 -> ../../ttyACM0

pi@shamoke-rpi1:~ $ ls -l /dev/serial/by-path
total 0
lrwxrwxrwx 1 root root 13 Dec 21 00:17 platform-fd500000.pcie-pci-0000:01:00.0-usb-0:1.3:1.0 -> ../../ttyACM0


<<<note permissions - ive read of the + designation but dont understand its relevance>>>

pi@shamoke-rpi1:~ $ ls -l /dev/ttyA*
crw-rw----+ 1 root dialout 166,  0 Dec 21 00:23 /dev/ttyACM0
crw-rw----  1 root dialout 204, 64 Dec 21 00:17 /dev/ttyAMA0


pi@shamoke-rpi1:~ $ ls -l /dev/ttyA* /dev/ttyUSB* /dev/ttyS*
ls: cannot access '/dev/ttyUSB*': No such file or directory
crw-rw----+ 1 root dialout 166,  0 Dec 21 00:50  /dev/ttyACM0
crw-rw----  1 root dialout 204, 64 Dec 21 00:41  /dev/ttyAMA0
crw--w----  1 root tty       4, 64 Dec 21 00:17  /dev/ttyS0



pi@shamoke-rpi1:~ $ ps aux
USER       PID %CPU %MEM    VSZ   RSS TTY      STAT START   TIME COMMAND
root         1  0.7  0.2  33768  7988 ?        Ss   00:17   0:05 /sbin/init spla
root         2  0.0  0.0      0     0 ?        S    00:17   0:00 [kthreadd]
root         3  0.0  0.0      0     0 ?        I<   00:17   0:00 [rcu_gp]
root         4  0.0  0.0      0     0 ?        I<   00:17   0:00 [rcu_par_gp]
root         8  0.0  0.0      0     0 ?        I<   00:17   0:00 [mm_percpu_wq]
root         9  0.0  0.0      0     0 ?        S    00:17   0:00 [rcu_tasks_rude
root        10  0.0  0.0      0     0 ?        S    00:17   0:00 [rcu_tasks_trac
root        11  0.0  0.0      0     0 ?        S    00:17   0:00 [ksoftirqd/0]
root        12  0.0  0.0      0     0 ?        I    00:17   0:00 [rcu_sched]
root        13  0.0  0.0      0     0 ?        S    00:17   0:00 [migration/0]
root        14  0.0  0.0      0     0 ?        S    00:17   0:00 [cpuhp/0]
root        15  0.0  0.0      0     0 ?        S    00:17   0:00 [cpuhp/1]
root        16  0.0  0.0      0     0 ?        S    00:17   0:00 [migration/1]
root        17  0.0  0.0      0     0 ?        S    00:17   0:00 [ksoftirqd/1]
root        20  0.0  0.0      0     0 ?        S    00:17   0:00 [cpuhp/2]
root        21  0.0  0.0      0     0 ?        S    00:17   0:00 [migration/2]
root        22  0.0  0.0      0     0 ?        S    00:17   0:00 [ksoftirqd/2]
root        25  0.0  0.0      0     0 ?        S    00:17   0:00 [cpuhp/3]
root        26  0.0  0.0      0     0 ?        S    00:17   0:00 [migration/3]
root        27  0.0  0.0      0     0 ?        S    00:17   0:00 [ksoftirqd/3]
root        30  0.0  0.0      0     0 ?        S    00:17   0:00 [kdevtmpfs]
root        31  0.0  0.0      0     0 ?        I<   00:17   0:00 [netns]
root        32  0.0  0.0      0     0 ?        I    00:17   0:00 [kworker/0:1-mm
root        33  0.0  0.0      0     0 ?        I    00:17   0:00 [kworker/1:1-mm
root        34  0.0  0.0      0     0 ?        S    00:17   0:00 [kauditd]
root        35  0.0  0.0      0     0 ?        I    00:17   0:00 [kworker/0:2-ev
root        36  0.0  0.0      0     0 ?        S    00:17   0:00 [khungtaskd]
root        37  0.0  0.0      0     0 ?        S    00:17   0:00 [oom_reaper]
root        38  0.0  0.0      0     0 ?        I<   00:17   0:00 [writeback]
root        39  0.0  0.0      0     0 ?        S    00:17   0:00 [kcompactd0]
root        57  0.0  0.0      0     0 ?        I<   00:17   0:00 [kblockd]
root        58  0.0  0.0      0     0 ?        I<   00:17   0:00 [blkcg_punt_bio
root        59  0.0  0.0      0     0 ?        S    00:17   0:00 [watchdogd]
root        60  0.0  0.0      0     0 ?        I    00:17   0:00 [kworker/2:1-mm
root        61  0.0  0.0      0     0 ?        I    00:17   0:00 [kworker/3:1-mm
root        62  0.1  0.0      0     0 ?        I<   00:17   0:00 [kworker/0:1H-m
root        63  0.0  0.0      0     0 ?        I<   00:17   0:00 [rpciod]
root        65  0.0  0.0      0     0 ?        I<   00:17   0:00 [xprtiod]
root        66  0.0  0.0      0     0 ?        S    00:17   0:00 [kswapd0]
root        67  0.0  0.0      0     0 ?        I<   00:17   0:00 [nfsiod]
root        68  0.0  0.0      0     0 ?        I<   00:17   0:00 [kthrotld]
root        69  0.0  0.0      0     0 ?        I<   00:17   0:00 [iscsi_eh]
root        70  0.0  0.0      0     0 ?        I<   00:17   0:00 [iscsi_destroy]
root        71  0.0  0.0      0     0 ?        I<   00:17   0:00 [nvme-wq]
root        72  0.0  0.0      0     0 ?        I<   00:17   0:00 [nvme-reset-wq]
root        73  0.0  0.0      0     0 ?        I<   00:17   0:00 [nvme-delete-wq
root        74  0.0  0.0      0     0 ?        I    00:17   0:00 [kworker/u8:1-c
root        76  0.0  0.0      0     0 ?        I<   00:17   0:00 [DWC Notificati
root        77  0.0  0.0      0     0 ?        I<   00:17   0:00 [uas]
root        79  0.0  0.0      0     0 ?        I    00:17   0:00 [kworker/u8:2-e
root        80  0.0  0.0      0     0 ?        S<   00:17   0:00 [vchiq-slot/0]
root        81  0.0  0.0      0     0 ?        S<   00:17   0:00 [vchiq-recy/0]
root        82  0.0  0.0      0     0 ?        S<   00:17   0:00 [vchiq-sync/0]
root        83  0.0  0.0      0     0 ?        I<   00:17   0:00 [zswap-shrink]
root        86  0.0  0.0      0     0 ?        I    00:17   0:00 [kworker/2:5-ev
root        87  0.0  0.0      0     0 ?        I<   00:17   0:00 [sdhci]
root        88  0.0  0.0      0     0 ?        S    00:17   0:00 [irq/49-mmc0]
root        90  0.0  0.0      0     0 ?        I    00:17   0:00 [kworker/3:3-ev
root        93  0.0  0.0      0     0 ?        I<   00:17   0:00 [mmc_complete]
root        94  0.0  0.0      0     0 ?        I<   00:17   0:00 [kworker/3:1H-k
root        95  0.0  0.0      0     0 ?        I<   00:17   0:00 [kworker/1:1H-k
root        96  0.0  0.0      0     0 ?        S    00:17   0:00 [jbd2/mmcblk0p7
root        97  0.0  0.0      0     0 ?        I<   00:17   0:00 [ext4-rsv-conve
root        99  0.0  0.0      0     0 ?        I<   00:17   0:00 [ipv6_addrconf]
root       102  0.0  0.0      0     0 ?        I<   00:17   0:00 [kworker/2:1H-k
root       125  0.0  0.0      0     0 ?        I<   00:17   0:00 [kworker/0:2H-m
root       132  0.1  0.2  21372  7232 ?        Ss   00:17   0:00 /lib/systemd/sy
root       161  0.1  0.1  18744  4124 ?        Ss   00:17   0:01 /lib/systemd/sy
root       164  0.0  0.0      0     0 ?        S<   00:17   0:00 [loop0]
root       167  0.0  0.0      0     0 ?        S    00:17   0:00 [scsi_eh_0]
root       168  0.0  0.0      0     0 ?        I<   00:17   0:00 [scsi_tmf_0]
root       169  0.0  0.0      0     0 ?        S    00:17   0:00 [usb-storage]
root       171  0.0  0.0      0     0 ?        S<   00:17   0:00 [loop1]
root       199  0.0  0.0      0     0 ?        S    00:17   0:00 [vchiq-keep/0]
root       200  0.0  0.0      0     0 ?        S<   00:17   0:00 [SMIO]
root       206  0.0  0.0      0     0 ?        I<   00:17   0:00 [mmal-vchiq]
root       207  0.0  0.0      0     0 ?        S    00:17   0:00 [spi0]
root       210  0.0  0.0      0     0 ?        I<   00:17   0:00 [mmal-vchiq]
root       211  0.0  0.0      0     0 ?        I<   00:17   0:00 [mmal-vchiq]
root       212  0.0  0.0      0     0 ?        I<   00:17   0:00 [mmal-vchiq]
root       213  0.0  0.0      0     0 ?        I<   00:17   0:00 [mmal-vchiq]
root       234  0.0  0.0      0     0 ?        S    00:17   0:00 [card0-crtc0]
root       238  0.0  0.0      0     0 ?        S    00:17   0:00 [card0-crtc1]
root       261  0.0  0.0      0     0 ?        I<   00:17   0:00 [cfg80211]
root       269  0.0  0.0      0     0 ?        I<   00:17   0:00 [brcmf_wq/mmc1:
root       273  0.7  0.0      0     0 ?        S    00:17   0:05 [v3d_bin]
root       274  0.9  0.0      0     0 ?        S    00:17   0:06 [v3d_render]
root       275  0.0  0.0      0     0 ?        S    00:17   0:00 [v3d_tfu]
root       276  0.0  0.0      0     0 ?        S    00:17   0:00 [v3d_csd]
root       277  0.0  0.0      0     0 ?        S    00:17   0:00 [v3d_cache_clea
root       280  0.0  0.0      0     0 ?        S    00:17   0:00 [brcmf_wdog/mmc
systemd+   385  0.0  0.1  22380  5552 ?        Ssl  00:17   0:00 /lib/systemd/sy
root       423  0.0  0.2  63344  9764 ?        Ssl  00:18   0:00 /usr/lib/udisks
avahi      424  0.0  0.0   5768  2512 ?        Ss   00:18   0:00 avahi-daemon: r
message+   427  0.0  0.1   6940  3780 ?        Ss   00:18   0:00 /usr/bin/dbus-d
root       429  0.0  0.0  27656    80 ?        SLsl 00:18   0:00 /usr/sbin/rngd 
avahi      437  0.0  0.0   5768   252 ?        S    00:18   0:00 avahi-daemon: c
root       442  0.0  0.2  54656  8744 ?        Ssl  00:18   0:00 /usr/sbin/Modem
root       444  0.0  0.0   7976  2188 ?        Ss   00:18   0:00 /usr/sbin/cron 
root       449  0.0  0.1  13132  5792 ?        Ss   00:18   0:00 /lib/systemd/sy
root       459  0.0  0.0  25512  2744 ?        Ssl  00:18   0:00 /usr/sbin/rsysl
root       471  0.0  0.1  11784  4628 ?        SNs  00:18   0:00 /usr/sbin/alsac
root       479  0.0  0.1  10708  3748 ?        Ss   00:18   0:00 /sbin/wpa_suppl
root       494  0.0  0.1  27640  6064 ?        Ss   00:18   0:00 /usr/sbin/cupsd
nobody     495  0.1  0.0   4320  2024 ?        Ss   00:18   0:01 /usr/sbin/thd -
root       506  0.3  0.5 913128 19544 ?        Ssl  00:18   0:02 /usr/lib/snapd/
root       533  0.0  0.1  38988  6940 ?        Ssl  00:18   0:00 /usr/lib/policy
root       535  0.0  0.2  40336  8384 ?        Ssl  00:18   0:00 /usr/sbin/cups-
root       536  0.0  0.0   2904  1932 ?        Ss   00:18   0:00 /sbin/dhcpcd -q
root       587  0.0  0.1  46724  5880 ?        Ssl  00:18   0:00 /usr/sbin/light
root       613  0.0  0.0   7844   360 ?        S    00:18   0:00 /usr/sbin/xrdp-
root       617  0.0  0.1  10692  5264 ?        Ss   00:18   0:00 /usr/sbin/sshd 
root       631  0.0  0.0   6616  1796 ttyS0    Ss+  00:18   0:00 /sbin/agetty -o
root       632  7.7  1.9 177024 68004 tty7     Rsl+ 00:18   0:54 /usr/lib/xorg/X
root       633  0.0  0.0   5620  2816 tty1     Ss   00:18   0:00 /bin/login -f
xrdp       635  0.0  0.0   7780  1700 ?        S    00:18   0:00 /usr/sbin/xrdp
root       639  0.0  0.0  10968  3484 ?        Ss   00:18   0:00 wpa_supplicant 
root       668  0.0  0.0   7936  2804 ?        S    00:18   0:00 /bin/bash /usr/
root       752  0.0  0.4 191988 16136 ?        Ss   00:18   0:00 /usr/sbin/apach
mysql      832  0.1  1.5 575420 55644 ?        Sl   00:18   0:01 /usr/sbin/mysql
root       833  0.0  0.0   8772   864 ?        S    00:18   0:00 logger -t mysql
www-data   838  0.0  0.1 192012  4412 ?        S    00:18   0:00 /usr/sbin/apach
www-data   839  0.0  0.1 192012  4416 ?        S    00:18   0:00 /usr/sbin/apach
www-data   840  0.0  0.1 192012  4416 ?        S    00:18   0:00 /usr/sbin/apach
www-data   841  0.0  0.1 192012  4416 ?        S    00:18   0:00 /usr/sbin/apach
www-data   842  0.0  0.1 192012  4416 ?        S    00:18   0:00 /usr/sbin/apach
root       953  0.0  0.1  29908  6132 ?        Sl   00:18   0:00 lightdm --sessi
pi         958  0.0  0.2  14792  7444 ?        Ss   00:18   0:00 /lib/systemd/sy
pi         959  0.0  0.0  16868  1820 ?        S    00:18   0:00 (sd-pam)
pi         973  0.0  0.3  54460 11160 ?        Ssl  00:18   0:00 /usr/bin/lxsess
pi         974  0.0  0.1   8496  3628 tty1     S+   00:18   0:00 -bash
pi         983  0.0  0.1   6544  3536 ?        Ss   00:18   0:00 /usr/bin/dbus-d
pi        1020  0.0  0.0   4484   288 ?        Ss   00:18   0:00 /usr/bin/ssh-ag
pi        1033  0.0  0.1  43412  6260 ?        Ssl  00:18   0:00 /usr/lib/gvfs/g
pi        1038  0.0  0.1  54512  4896 ?        Sl   00:18   0:00 /usr/lib/gvfs/g
pi        1051  0.1  0.4  63944 16356 ?        S    00:18   0:00 openbox --confi
pi        1054  0.0  0.3  47140 10732 ?        Sl   00:18   0:00 lxpolkit
pi        1056  0.4  0.8 153836 30464 ?        Sl   00:18   0:03 lxpanel --profi
pi        1057  0.4  0.9 164412 32072 ?        Sl   00:18   0:02 pcmanfm --deskt
pi        1064  0.0  0.0   4484   288 ?        Ss   00:18   0:00 /usr/bin/ssh-ag
pi        1068  0.1  0.8  51852 29200 ?        S    00:18   0:00 /usr/bin/python
pi        1079  0.0  0.1  40452  4712 ?        Sl   00:18   0:00 /usr/lib/geoclu
pi        1101  0.0  0.0   4872  1024 ?        S    00:18   0:00 xcompmgr -aR
pi        1106  0.0  0.2 114496  8732 ?        S<sl 00:18   0:00 /usr/bin/pulsea
root      1120  0.0  0.0   2140   128 ?        S    00:18   0:00 /usr/bin/hciatt
root      1121  0.0  0.0      0     0 ?        I<   00:18   0:00 [kworker/u9:1-h
root      1124  0.0  0.0      0     0 ?        I<   00:18   0:00 [kworker/u9:2-h
rtkit     1127  0.0  0.0  23188  2188 ?        SNsl 00:18   0:00 /usr/lib/rtkit/
root      1140  0.0  0.1   9808  4436 ?        Ss   00:18   0:00 /usr/lib/blueto
root      1141  0.0  0.1  26708  4112 ?        Ssl  00:18   0:00 /usr/bin/blueal
pi        1143  0.0  0.2  97788  9452 ?        Ssl  00:18   0:00 /usr/lib/gvfs/g
root      1150  0.0  0.0      0     0 ?        S<   00:18   0:00 [krfcommd]
pi        1152  0.0  0.1  40128  4808 ?        Ssl  00:18   0:00 /usr/lib/gvfs/g
pi        1159  0.0  0.1  26444  5196 ?        Sl   00:18   0:00 /usr/lib/menu-c
pi        1161  0.0  0.1  41696  4968 ?        Ssl  00:18   0:00 /usr/lib/gvfs/g
pi        1169  0.0  0.1  56028  6956 ?        Ssl  00:18   0:00 /usr/lib/gvfs/g
pi        1175  0.0  0.1  40104  4452 ?        Ssl  00:18   0:00 /usr/lib/gvfs/g
pi        1198  0.0  0.1  52960  6248 ?        Sl   00:18   0:00 /usr/lib/gvfs/g
pi        1258  0.0  0.1  31104  5176 ?        Ssl  00:18   0:00 /usr/lib/gvfs/g
root      1401  0.0  0.0      0     0 ?        I    00:22   0:00 [kworker/0:0-ev
root      1402  0.0  0.0      0     0 ?        I    00:22   0:00 [kworker/1:0-ev
root      1403  0.0  0.0      0     0 ?        I    00:23   0:00 [kworker/3:0-ev
root      1405  0.0  0.0      0     0 ?        I    00:23   0:00 [kworker/2:0-ev
root      1410  0.0  0.0      0     0 ?        I<   00:23   0:00 [kworker/1:0H]
root      1412  0.0  0.0      0     0 ?        I<   00:23   0:00 [kworker/3:0H]
root      1592  0.0  0.0      0     0 ?        I<   00:23   0:00 [kworker/2:0H]
pi        1709  6.8  0.8 111180 28596 ?        Sl   00:24   0:23 mousepad /media
pi        1717  0.0  0.1  25996  4544 ?        Sl   00:24   0:00 /usr/lib/dconf/
root      1743  0.0  0.0      0     0 ?        I    00:25   0:00 [kworker/3:2-mm
root      1763  0.0  0.0      0     0 ?        I    00:26   0:00 [kworker/0:3]
root      1765  0.0  0.0      0     0 ?        I    00:27   0:00 [kworker/2:2]
root      1767  0.0  0.0      0     0 ?        I    00:28   0:00 [kworker/1:2-ev
pi        1770  7.2  0.8 111180 28828 ?        Sl   00:29   0:03 mousepad /media
root      1778  0.0  0.0      0     0 ?        I    00:29   0:00 [kworker/u8:0-e
pi        1782  6.5  0.7  84696 26940 ?        Rl   00:29   0:01 lxterminal
pi        1788  0.2  0.1   8516  3616 pts/0    Ss   00:29   0:00 bash
pi        1795  0.1  0.0   6756   396 pts/0    T    00:29   0:00 less
pi        1796  0.0  0.0   9788  2504 pts/0    R+   00:29   0:00 ps aux







<<<arduino plugged in>>>
pi@shamoke-rpi1:~ $ sudo dmesg | grep tty
[    0.000000] Kernel command line: coherent_pool=1M 8250.nr_uarts=1 snd_bcm2835.enable_compat_alsa=0 snd_bcm2835.enable_hdmi=1 video=HDMI-A-1:640x480M@60 video=HDMI-A-2:1920x1080M@60 smsc95xx.macaddr=DC:A6:32:23:51:63 vc_mem.mem_base=0x3ec00000 vc_mem.mem_size=0x40000000  console=ttyS0,115200 console=tty1 root=/dev/mmcblk0p7 rootfstype=ext4 elevator=deadline fsck.repair=yes rootwait quiet splash plymouth.ignore-serial-consoles
[    0.001092] printk: console [tty1] enabled
[    1.377727] fe201000.serial: ttyAMA0 at MMIO 0xfe201000 (irq = 36, base_baud = 0) is a PL011 rev2
[    1.385890] printk: console [ttyS0] disabled
[    1.386016] fe215040.serial: ttyS0 at MMIO 0xfe215040 (irq = 38, base_baud = 62500000) is a 16550
[    1.386213] printk: console [ttyS0] enabled
[    3.194959] systemd[1]: Created slice system-getty.slice.
[    6.651161] cdc_acm 1-1.3:1.0: ttyACM0: USB ACM device



<<<arduino disconnect followed by reconnect>>>
pi@shamoke-rpi1:~ $ dmesg -w

<<<discon>>>
[  917.119509] usb 1-1.3: USB disconnect, device number 4

<<<con>>>
[  946.607540] usb 1-1.3: new full-speed USB device number 9 using xhci_hcd
[  946.750471] usb 1-1.3: New USB device found, idVendor=2a03, idProduct=0043, bcdDevice= 0.01
[  946.750488] usb 1-1.3: New USB device strings: Mfr=1, Product=2, SerialNumber=220
[  946.750500] usb 1-1.3: Product: Arduino Uno
[  946.750512] usb 1-1.3: Manufacturer: Arduino Srl            
[  946.750523] usb 1-1.3: SerialNumber: 75431343334351F092A0
[  946.753321] cdc_acm 1-1.3:1.0: ttyACM0: USB ACM device


<<<note - no change in dmesg output during successful arduino board upload progress>>>



<<</dev/ttyACM0 is the port in use during sucessful arduino board upload>>>

pi@shamoke-rpi1:~ $ udevadm info -a /dev/ttyACM0 | more

Udevadm info starts with the device specified by the devpath and then
walks up the chain of parent devices. It prints for every device
found, all possible attributes in the udev rules key format.
A rule to match, can be composed by the attributes of the device
and the attributes from one single parent device.

  looking at device '/devices/platform/scb/fd500000.pcie/pci0000:00/0000:00:00.0
/0000:01:00.0/usb1/1-1/1-1.3/1-1.3:1.0/tty/ttyACM0':
    KERNEL=="ttyACM0"
    SUBSYSTEM=="tty"
    DRIVER==""

  looking at parent device '/devices/platform/scb/fd500000.pcie/pci0000:00/0000:
00:00.0/0000:01:00.0/usb1/1-1/1-1.3/1-1.3:1.0':
    KERNELS=="1-1.3:1.0"
    SUBSYSTEMS=="usb"
    DRIVERS=="cdc_acm"
    ATTRS{bNumEndpoints}=="01"
    ATTRS{bInterfaceProtocol}=="01"
    ATTRS{bInterfaceSubClass}=="02"
    ATTRS{supports_autosuspend}=="1"
    ATTRS{bAlternateSetting}==" 0"
    ATTRS{authorized}=="1"
    ATTRS{bInterfaceClass}=="02"
    ATTRS{bmCapabilities}=="6"
    ATTRS{bInterfaceNumber}=="00"

  looking at parent device '/devices/platform/scb/fd500000.pcie/pci0000:00/0000:
00:00.0/0000:01:00.0/usb1/1-1/1-1.3':
    KERNELS=="1-1.3"
    SUBSYSTEMS=="usb"
    DRIVERS=="usb"
    ATTRS{product}=="Arduino Uno"
    ATTRS{rx_lanes}=="1"
    ATTRS{devpath}=="1.3"
    ATTRS{manufacturer}=="Arduino Srl            "
    ATTRS{bcdDevice}=="0001"
    ATTRS{idVendor}=="2a03"
    ATTRS{version}==" 1.10"
    ATTRS{avoid_reset_quirk}=="0"
    ATTRS{urbnum}=="78"
    ATTRS{bDeviceClass}=="02"
    ATTRS{idProduct}=="0043"
    ATTRS{bDeviceSubClass}=="00"
    ATTRS{quirks}=="0x0"
    ATTRS{bConfigurationValue}=="1"
    ATTRS{maxchild}=="0"
    ATTRS{authorized}=="1"
    ATTRS{speed}=="12"
    ATTRS{bDeviceProtocol}=="00"
    ATTRS{tx_lanes}=="1"
    ATTRS{bNumInterfaces}==" 2"
    ATTRS{serial}=="75431343334351F092A0"
    ATTRS{devspec}=="(null)"
    ATTRS{removable}=="unknown"
    ATTRS{busnum}=="1"
    ATTRS{devnum}=="9"
    ATTRS{bNumConfigurations}=="1"
    ATTRS{bMaxPacketSize0}=="8"
    ATTRS{configuration}==""
    ATTRS{bmAttributes}=="c0"
    ATTRS{ltm_capable}=="no"
    ATTRS{bMaxPower}=="100mA"

  looking at parent device '/devices/platform/scb/fd500000.pcie/pci0000:00/0000:
00:00.0/0000:01:00.0/usb1/1-1':
    KERNELS=="1-1"
    SUBSYSTEMS=="usb"
    DRIVERS=="usb"
    ATTRS{quirks}=="0x0"
    ATTRS{idVendor}=="2109"
    ATTRS{version}==" 2.10"
    ATTRS{idProduct}=="3431"
    ATTRS{devnum}=="2"
    ATTRS{product}=="USB2.0 Hub"
    ATTRS{devpath}=="1"
    ATTRS{bmAttributes}=="e0"
    ATTRS{bMaxPower}=="100mA"
    ATTRS{bNumConfigurations}=="1"
    ATTRS{maxchild}=="4"
    ATTRS{urbnum}=="65"
    ATTRS{avoid_reset_quirk}=="0"
    ATTRS{bDeviceSubClass}=="00"
    ATTRS{rx_lanes}=="1"
    ATTRS{devspec}=="(null)"
    ATTRS{bConfigurationValue}=="1"
    ATTRS{bDeviceClass}=="09"
    ATTRS{tx_lanes}=="1"
    ATTRS{busnum}=="1"
    ATTRS{bMaxPacketSize0}=="64"
    ATTRS{bDeviceProtocol}=="01"
    ATTRS{removable}=="unknown"
    ATTRS{authorized}=="1"
    ATTRS{ltm_capable}=="no"
    ATTRS{bNumInterfaces}==" 1"
    ATTRS{configuration}==""
    ATTRS{bcdDevice}=="0421"
    ATTRS{speed}=="480"

  looking at parent device '/devices/platform/scb/fd500000.pcie/pci0000:00/0000:
00:00.0/0000:01:00.0/usb1':
    KERNELS=="usb1"
    SUBSYSTEMS=="usb"
    DRIVERS=="usb"
    ATTRS{serial}=="0000:01:00.0"
    ATTRS{bDeviceProtocol}=="01"
    ATTRS{bMaxPacketSize0}=="64"
    ATTRS{idProduct}=="0002"
    ATTRS{bConfigurationValue}=="1"
    ATTRS{removable}=="unknown"
    ATTRS{rx_lanes}=="1"
    ATTRS{product}=="xHCI Host Controller"
    ATTRS{devnum}=="1"
    ATTRS{speed}=="480"
    ATTRS{bDeviceClass}=="09"
    ATTRS{version}==" 2.00"
    ATTRS{authorized}=="1"
    ATTRS{bMaxPower}=="0mA"
    ATTRS{tx_lanes}=="1"
    ATTRS{bNumConfigurations}=="1"
    ATTRS{idVendor}=="1d6b"
    ATTRS{maxchild}=="1"
    ATTRS{bmAttributes}=="e0"
    ATTRS{bcdDevice}=="0510"
    ATTRS{ltm_capable}=="no"
    ATTRS{quirks}=="0x0"
    ATTRS{busnum}=="1"
    ATTRS{manufacturer}=="Linux 5.10.63-v7l+ xhci-hcd"
    ATTRS{interface_authorized_default}=="1"
    ATTRS{bDeviceSubClass}=="00"
    ATTRS{configuration}==""
    ATTRS{devpath}=="0"
    ATTRS{authorized_default}=="1"
    ATTRS{bNumInterfaces}==" 1"
    ATTRS{urbnum}=="22"
    ATTRS{avoid_reset_quirk}=="0"

  looking at parent device '/devices/platform/scb/fd500000.pcie/pci0000:00/0000:
00:00.0/0000:01:00.0':
    KERNELS=="0000:01:00.0"
    SUBSYSTEMS=="pci"
    DRIVERS=="xhci_hcd"
    ATTRS{subsystem_vendor}=="0x1106"
    ATTRS{current_link_speed}=="5.0 GT/s PCIe"
    ATTRS{enable}=="1"
    ATTRS{max_link_width}=="1"
    ATTRS{revision}=="0x01"
    ATTRS{device}=="0x3483"
    ATTRS{driver_override}=="(null)"
    ATTRS{max_link_speed}=="5.0 GT/s PCIe"
    ATTRS{current_link_width}=="1"
    ATTRS{subsystem_device}=="0x3483"
    ATTRS{consistent_dma_mask_bits}=="64"
    ATTRS{local_cpulist}=="0-3"
    ATTRS{dma_mask_bits}=="64"
    ATTRS{class}=="0x0c0330"
    ATTRS{irq}=="65"
    ATTRS{vendor}=="0x1106"
    ATTRS{local_cpus}=="f"
    ATTRS{broken_parity_status}=="0"
    ATTRS{msi_bus}=="1"
    ATTRS{ari_enabled}=="0"

  looking at parent device '/devices/platform/scb/fd500000.pcie/pci0000:00/0000:
00:00.0':
    KERNELS=="0000:00:00.0"
    SUBSYSTEMS=="pci"
    DRIVERS=="pcieport"
    ATTRS{max_link_width}=="1"
    ATTRS{revision}=="0x10"
    ATTRS{local_cpus}=="f"
    ATTRS{driver_override}=="(null)"
    ATTRS{vendor}=="0x14e4"
    ATTRS{ari_enabled}=="0"
    ATTRS{subsystem_vendor}=="0x0000"
    ATTRS{broken_parity_status}=="0"
    ATTRS{msi_bus}=="1"
    ATTRS{enable}=="1"
    ATTRS{irq}=="64"
    ATTRS{secondary_bus_number}=="1"
    ATTRS{class}=="0x060400"
    ATTRS{subordinate_bus_number}=="1"
    ATTRS{device}=="0x2711"
    ATTRS{max_link_speed}=="5.0 GT/s PCIe"
    ATTRS{subsystem_device}=="0x0000"
    ATTRS{current_link_speed}=="5.0 GT/s PCIe"
    ATTRS{current_link_width}=="1"
    ATTRS{dma_mask_bits}=="32"
    ATTRS{local_cpulist}=="0-3"
    ATTRS{consistent_dma_mask_bits}=="32"

  looking at parent device '/devices/platform/scb/fd500000.pcie/pci0000:00':
    KERNELS=="pci0000:00"
    SUBSYSTEMS==""
    DRIVERS==""

  looking at parent device '/devices/platform/scb/fd500000.pcie':
    KERNELS=="fd500000.pcie"
    SUBSYSTEMS=="platform"
    DRIVERS=="brcm-pcie"
    ATTRS{driver_override}=="(null)"

  looking at parent device '/devices/platform/scb':
    KERNELS=="scb"
    SUBSYSTEMS=="platform"
    DRIVERS==""
    ATTRS{driver_override}=="(null)"

  looking at parent device '/devices/platform':
    KERNELS=="platform"
    SUBSYSTEMS==""
    DRIVERS==""


<<<note below - the device itself is associated with /dev/ttyACM0 as expected>>>

pi@shamoke-rpi1:~ $ udevadm test $(udevadm info -q path -n /dev/ttyACM0)
This program is for debugging only, it does not run any program
specified by a RUN key. It may show incorrect results, because
some values may be different, or not available at a simulation run.

Load module index
Skipping empty file: /etc/systemd/network/99-default.link
Created link configuration context.
Reading rules file: /lib/udev/rules.d/10-local-rpi.rules
Reading rules file: /lib/udev/rules.d/15-i2c-modprobe.rules
Reading rules file: /lib/udev/rules.d/40-scratch.rules
Reading rules file: /lib/udev/rules.d/40-usb_modeswitch.rules
Reading rules file: /lib/udev/rules.d/50-firmware.rules
Reading rules file: /lib/udev/rules.d/50-udev-default.rules
Reading rules file: /lib/udev/rules.d/55-dm.rules
Reading rules file: /lib/udev/rules.d/56-hpmud.rules
Reading rules file: /lib/udev/rules.d/60-avrdude.rules
Reading rules file: /lib/udev/rules.d/60-block.rules
Reading rules file: /lib/udev/rules.d/60-bluealsa.rules
Reading rules file: /lib/udev/rules.d/60-cdrom_id.rules
Reading rules file: /lib/udev/rules.d/60-crda.rules
Reading rules file: /lib/udev/rules.d/60-drm.rules
Reading rules file: /lib/udev/rules.d/60-evdev.rules
Reading rules file: /lib/udev/rules.d/60-flashrom.rules
Reading rules file: /lib/udev/rules.d/60-i2c-tools.rules
Reading rules file: /lib/udev/rules.d/60-input-id.rules
Reading rules file: /lib/udev/rules.d/60-libgphoto2-6.rules
Reading rules file: /lib/udev/rules.d/60-libsane.rules
Reading rules file: /lib/udev/rules.d/60-persistent-alsa.rules
Reading rules file: /lib/udev/rules.d/60-persistent-input.rules
Reading rules file: /lib/udev/rules.d/60-persistent-storage-dm.rules
Reading rules file: /lib/udev/rules.d/60-persistent-storage-tape.rules
Reading rules file: /lib/udev/rules.d/60-persistent-storage.rules
Reading rules file: /lib/udev/rules.d/60-persistent-v4l.rules
Reading rules file: /lib/udev/rules.d/60-rpi.gpio-common.rules
Reading rules file: /lib/udev/rules.d/60-sensor.rules
Reading rules file: /lib/udev/rules.d/60-serial.rules
Reading rules file: /lib/udev/rules.d/60-triggerhappy.rules
Reading rules file: /lib/udev/rules.d/64-btrfs.rules
Reading rules file: /lib/udev/rules.d/64-xorg-xkb.rules
Reading rules file: /lib/udev/rules.d/65-libwacom.rules
Reading rules file: /lib/udev/rules.d/69-cd-sensors.rules
Reading rules file: /lib/udev/rules.d/69-libmtp.rules
Reading rules file: /lib/udev/rules.d/70-joystick.rules
Reading rules file: /lib/udev/rules.d/70-microbit.rules
Reading rules file: /lib/udev/rules.d/70-mouse.rules
Reading rules file: /lib/udev/rules.d/70-power-switch.rules
Reading rules file: /lib/udev/rules.d/70-printers.rules
Reading rules file: /etc/udev/rules.d/70-snap.core.rules
Reading rules file: /etc/udev/rules.d/70-snap.notepadqq.rules
Reading rules file: /lib/udev/rules.d/70-touchpad.rules
Reading rules file: /lib/udev/rules.d/70-uaccess.rules
Reading rules file: /lib/udev/rules.d/71-seat.rules
Reading rules file: /lib/udev/rules.d/73-seat-late.rules
Reading rules file: /lib/udev/rules.d/73-special-net-names.rules
Reading rules file: /lib/udev/rules.d/73-usb-net-by-mac.rules
Reading rules file: /lib/udev/rules.d/75-net-description.rules
Reading rules file: /lib/udev/rules.d/75-probe_mtd.rules
Reading rules file: /lib/udev/rules.d/77-mm-cinterion-port-types.rules
Reading rules file: /lib/udev/rules.d/77-mm-dell-port-types.rules
Reading rules file: /lib/udev/rules.d/77-mm-ericsson-mbm.rules
Reading rules file: /lib/udev/rules.d/77-mm-fibocom-port-types.rules
Reading rules file: /lib/udev/rules.d/77-mm-haier-port-types.rules
Reading rules file: /lib/udev/rules.d/77-mm-huawei-net-port-types.rules
Reading rules file: /lib/udev/rules.d/77-mm-longcheer-port-types.rules
Reading rules file: /lib/udev/rules.d/77-mm-mtk-port-types.rules
Reading rules file: /lib/udev/rules.d/77-mm-nokia-port-types.rules
Reading rules file: /lib/udev/rules.d/77-mm-pcmcia-device-blacklist.rules
Reading rules file: /lib/udev/rules.d/77-mm-qdl-device-blacklist.rules
Reading rules file: /lib/udev/rules.d/77-mm-sierra.rules
Reading rules file: /lib/udev/rules.d/77-mm-simtech-port-types.rules
Reading rules file: /lib/udev/rules.d/77-mm-telit-port-types.rules
Reading rules file: /lib/udev/rules.d/77-mm-ublox-port-types.rules
Reading rules file: /lib/udev/rules.d/77-mm-usb-device-blacklist.rules
Reading rules file: /lib/udev/rules.d/77-mm-usb-serial-adapters-greylist.rules
Reading rules file: /lib/udev/rules.d/77-mm-x22x-port-types.rules
Reading rules file: /lib/udev/rules.d/77-mm-zte-port-types.rules
Reading rules file: /lib/udev/rules.d/78-sound-card.rules
Reading rules file: /lib/udev/rules.d/80-debian-compat.rules
Reading rules file: /lib/udev/rules.d/80-drivers.rules
Reading rules file: /lib/udev/rules.d/80-ifupdown.rules
Reading rules file: /lib/udev/rules.d/80-iio-sensor-proxy.rules
Reading rules file: /lib/udev/rules.d/80-libinput-device-groups.rules
Reading rules file: /lib/udev/rules.d/80-mm-candidate.rules
Reading rules file: /lib/udev/rules.d/80-net-setup-link.rules
Reading rules file: /lib/udev/rules.d/80-noobs.rules
Reading rules file: /lib/udev/rules.d/80-udisks2.rules
Reading rules file: /lib/udev/rules.d/85-hwclock.rules
Reading rules file: /lib/udev/rules.d/85-regulatory.rules
Reading rules file: /lib/udev/rules.d/89-alsa-ucm.rules
Reading rules file: /lib/udev/rules.d/90-alsa-restore.rules
Reading rules file: /lib/udev/rules.d/90-console-setup.rules
Reading rules file: /lib/udev/rules.d/90-libinput-model-quirks.rules
Reading rules file: /lib/udev/rules.d/90-mu-editor.rules
Reading rules file: /lib/udev/rules.d/90-pi-bluetooth.rules
Reading rules file: /lib/udev/rules.d/90-pulseaudio.rules
Reading rules file: /lib/udev/rules.d/91-pulseaudio-rpi.rules
Reading rules file: /lib/udev/rules.d/95-cd-devices.rules
Reading rules file: /lib/udev/rules.d/95-dm-notify.rules
Reading rules file: /lib/udev/rules.d/97-hid2hci.rules
Reading rules file: /etc/udev/rules.d/99-com.rules
Reading rules file: /lib/udev/rules.d/99-systemd.rules
Rules contain 393216 bytes tokens (32768 * 12 bytes), 34567 bytes strings
29204 strings (241283 bytes), 26007 de-duplicated (209914 bytes), 3198 trie nodes used
Invalid inotify descriptor.
DEVPATH=/devices/platform/scb/fd500000.pcie/pci0000:00/0000:00:00.0/0000:01:00.0/usb1/1-1/1-1.3/1-1.3:1.0/tty/ttyACM0
DEVNAME=/dev/ttyACM0
MAJOR=166
MINOR=0
ACTION=add
SUBSYSTEM=tty
TAGS=:uaccess:seat:systemd:
ID_BUS=usb
ID_VENDOR_ID=2a03
ID_MODEL_ID=0043
ID_PCI_CLASS_FROM_DATABASE=Serial bus controller
ID_PCI_SUBCLASS_FROM_DATABASE=USB controller
ID_PCI_INTERFACE_FROM_DATABASE=XHCI
ID_VENDOR_FROM_DATABASE=dog hunter AG
ID_MODEL_FROM_DATABASE=Arduino Uno Rev3
ID_VENDOR=Arduino_Srl
ID_VENDOR_ENC=Arduino\x20Srl\x20\x20\x20\x20\x20\x20\x20\x20\x20\x20\x20\x20
ID_MODEL=Arduino_Uno
ID_MODEL_ENC=Arduino\x20Uno
ID_REVISION=0001
ID_SERIAL=Arduino_Srl_Arduino_Uno_75431343334351F092A0
ID_SERIAL_SHORT=75431343334351F092A0
ID_TYPE=generic
ID_USB_INTERFACES=:020201:0a0000:
ID_USB_INTERFACE_NUM=00
ID_USB_DRIVER=cdc_acm
ID_USB_CLASS_FROM_DATABASE=Communications
ID_PATH=platform-fd500000.pcie-pci-0000:01:00.0-usb-0:1.3:1.0
ID_PATH_TAG=platform-fd500000_pcie-pci-0000_01_00_0-usb-0_1_3_1_0
DEVLINKS=/dev/serial/by-id/usb-Arduino_Srl_Arduino_Uno_75431343334351F092A0-if00 /dev/serial/by-path/platform-fd500000.pcie-pci-0000:01:00.0-usb-0:1.3:1.0
ID_MM_CANDIDATE=1
ID_FOR_SEAT=tty-platform-fd500000_pcie-pci-0000_01_00_0-usb-0_1_3_1_0
USEC_INITIALIZED=946795897
run: 'uaccess'
Unload module index
Unloaded link configuration context.




 



<<</dev/ttyAMA0 is not used by the arduino flash process in Raspbian Buster but it 
   is present so,,, info included here for reference, as it is the port used by the  
   ubuntu 21.10 os>>>

pi@shamoke-rpi1:~ $ udevadm info -a /dev/ttyAMA0 | more

Udevadm info starts with the device specified by the devpath and then
walks up the chain of parent devices. It prints for every device
found, all possible attributes in the udev rules key format.
A rule to match, can be composed by the attributes of the device
and the attributes from one single parent device.

  looking at device '/devices/platform/soc/fe201000.serial/tty/ttyAMA0':
    KERNEL=="ttyAMA0"
    SUBSYSTEM=="tty"
    DRIVER==""
    ATTR{iomem_reg_shift}=="0"
    ATTR{console}=="N"
    ATTR{type}=="32"
    ATTR{port}=="0x0"
    ATTR{close_delay}=="50"
    ATTR{closing_wait}=="3000"
    ATTR{custom_divisor}=="0"
    ATTR{uartclk}=="48000000"
    ATTR{irq}=="36"
    ATTR{line}=="0"
    ATTR{flags}=="0x10000000"
    ATTR{iomem_base}=="0xFE201000"
    ATTR{xmit_fifo_size}=="16"
    ATTR{io_type}=="2"

  looking at parent device '/devices/platform/soc/fe201000.serial':
    KERNELS=="fe201000.serial"
    SUBSYSTEMS=="amba"
    DRIVERS=="uart-pl011"
    ATTRS{irq0}=="36"
    ATTRS{driver_override}=="(null)"
    ATTRS{id}=="00241011"

  looking at parent device '/devices/platform/soc':
    KERNELS=="soc"
    SUBSYSTEMS=="platform"
    DRIVERS==""
    ATTRS{driver_override}=="(null)"

  looking at parent device '/devices/platform':
    KERNELS=="platform"
    SUBSYSTEMS==""
    DRIVERS==""



pi@shamoke-rpi1:~ $ udevadm test $(udevadm info -q path -n /dev/ttyAMA0)
This program is for debugging only, it does not run any program
specified by a RUN key. It may show incorrect results, because
some values may be different, or not available at a simulation run.

Load module index
Skipping empty file: /etc/systemd/network/99-default.link
Created link configuration context.
Reading rules file: /lib/udev/rules.d/10-local-rpi.rules
Reading rules file: /lib/udev/rules.d/15-i2c-modprobe.rules
Reading rules file: /lib/udev/rules.d/40-scratch.rules
Reading rules file: /lib/udev/rules.d/40-usb_modeswitch.rules
Reading rules file: /lib/udev/rules.d/50-firmware.rules
Reading rules file: /lib/udev/rules.d/50-udev-default.rules
Reading rules file: /lib/udev/rules.d/55-dm.rules
Reading rules file: /lib/udev/rules.d/56-hpmud.rules
Reading rules file: /lib/udev/rules.d/60-avrdude.rules
Reading rules file: /lib/udev/rules.d/60-block.rules
Reading rules file: /lib/udev/rules.d/60-bluealsa.rules
Reading rules file: /lib/udev/rules.d/60-cdrom_id.rules
Reading rules file: /lib/udev/rules.d/60-crda.rules
Reading rules file: /lib/udev/rules.d/60-drm.rules
Reading rules file: /lib/udev/rules.d/60-evdev.rules
Reading rules file: /lib/udev/rules.d/60-flashrom.rules
Reading rules file: /lib/udev/rules.d/60-i2c-tools.rules
Reading rules file: /lib/udev/rules.d/60-input-id.rules
Reading rules file: /lib/udev/rules.d/60-libgphoto2-6.rules
Reading rules file: /lib/udev/rules.d/60-libsane.rules
Reading rules file: /lib/udev/rules.d/60-persistent-alsa.rules
Reading rules file: /lib/udev/rules.d/60-persistent-input.rules
Reading rules file: /lib/udev/rules.d/60-persistent-storage-dm.rules
Reading rules file: /lib/udev/rules.d/60-persistent-storage-tape.rules
Reading rules file: /lib/udev/rules.d/60-persistent-storage.rules
Reading rules file: /lib/udev/rules.d/60-persistent-v4l.rules
Reading rules file: /lib/udev/rules.d/60-rpi.gpio-common.rules
Reading rules file: /lib/udev/rules.d/60-sensor.rules
Reading rules file: /lib/udev/rules.d/60-serial.rules
Reading rules file: /lib/udev/rules.d/60-triggerhappy.rules
Reading rules file: /lib/udev/rules.d/64-btrfs.rules
Reading rules file: /lib/udev/rules.d/64-xorg-xkb.rules
Reading rules file: /lib/udev/rules.d/65-libwacom.rules
Reading rules file: /lib/udev/rules.d/69-cd-sensors.rules
Reading rules file: /lib/udev/rules.d/69-libmtp.rules
Reading rules file: /lib/udev/rules.d/70-joystick.rules
Reading rules file: /lib/udev/rules.d/70-microbit.rules
Reading rules file: /lib/udev/rules.d/70-mouse.rules
Reading rules file: /lib/udev/rules.d/70-power-switch.rules
Reading rules file: /lib/udev/rules.d/70-printers.rules
Reading rules file: /etc/udev/rules.d/70-snap.core.rules
Reading rules file: /etc/udev/rules.d/70-snap.notepadqq.rules
Reading rules file: /lib/udev/rules.d/70-touchpad.rules
Reading rules file: /lib/udev/rules.d/70-uaccess.rules
Reading rules file: /lib/udev/rules.d/71-seat.rules
Reading rules file: /lib/udev/rules.d/73-seat-late.rules
Reading rules file: /lib/udev/rules.d/73-special-net-names.rules
Reading rules file: /lib/udev/rules.d/73-usb-net-by-mac.rules
Reading rules file: /lib/udev/rules.d/75-net-description.rules
Reading rules file: /lib/udev/rules.d/75-probe_mtd.rules
Reading rules file: /lib/udev/rules.d/77-mm-cinterion-port-types.rules
Reading rules file: /lib/udev/rules.d/77-mm-dell-port-types.rules
Reading rules file: /lib/udev/rules.d/77-mm-ericsson-mbm.rules
Reading rules file: /lib/udev/rules.d/77-mm-fibocom-port-types.rules
Reading rules file: /lib/udev/rules.d/77-mm-haier-port-types.rules
Reading rules file: /lib/udev/rules.d/77-mm-huawei-net-port-types.rules
Reading rules file: /lib/udev/rules.d/77-mm-longcheer-port-types.rules
Reading rules file: /lib/udev/rules.d/77-mm-mtk-port-types.rules
Reading rules file: /lib/udev/rules.d/77-mm-nokia-port-types.rules
Reading rules file: /lib/udev/rules.d/77-mm-pcmcia-device-blacklist.rules
Reading rules file: /lib/udev/rules.d/77-mm-qdl-device-blacklist.rules
Reading rules file: /lib/udev/rules.d/77-mm-sierra.rules
Reading rules file: /lib/udev/rules.d/77-mm-simtech-port-types.rules
Reading rules file: /lib/udev/rules.d/77-mm-telit-port-types.rules
Reading rules file: /lib/udev/rules.d/77-mm-ublox-port-types.rules
Reading rules file: /lib/udev/rules.d/77-mm-usb-device-blacklist.rules
Reading rules file: /lib/udev/rules.d/77-mm-usb-serial-adapters-greylist.rules
Reading rules file: /lib/udev/rules.d/77-mm-x22x-port-types.rules
Reading rules file: /lib/udev/rules.d/77-mm-zte-port-types.rules
Reading rules file: /lib/udev/rules.d/78-sound-card.rules
Reading rules file: /lib/udev/rules.d/80-debian-compat.rules
Reading rules file: /lib/udev/rules.d/80-drivers.rules
Reading rules file: /lib/udev/rules.d/80-ifupdown.rules
Reading rules file: /lib/udev/rules.d/80-iio-sensor-proxy.rules
Reading rules file: /lib/udev/rules.d/80-libinput-device-groups.rules
Reading rules file: /lib/udev/rules.d/80-mm-candidate.rules
Reading rules file: /lib/udev/rules.d/80-net-setup-link.rules
Reading rules file: /lib/udev/rules.d/80-noobs.rules
Reading rules file: /lib/udev/rules.d/80-udisks2.rules
Reading rules file: /lib/udev/rules.d/85-hwclock.rules
Reading rules file: /lib/udev/rules.d/85-regulatory.rules
Reading rules file: /lib/udev/rules.d/89-alsa-ucm.rules
Reading rules file: /lib/udev/rules.d/90-alsa-restore.rules
Reading rules file: /lib/udev/rules.d/90-console-setup.rules
Reading rules file: /lib/udev/rules.d/90-libinput-model-quirks.rules
Reading rules file: /lib/udev/rules.d/90-mu-editor.rules
Reading rules file: /lib/udev/rules.d/90-pi-bluetooth.rules
Reading rules file: /lib/udev/rules.d/90-pulseaudio.rules
Reading rules file: /lib/udev/rules.d/91-pulseaudio-rpi.rules
Reading rules file: /lib/udev/rules.d/95-cd-devices.rules
Reading rules file: /lib/udev/rules.d/95-dm-notify.rules
Reading rules file: /lib/udev/rules.d/97-hid2hci.rules
Reading rules file: /etc/udev/rules.d/99-com.rules
Reading rules file: /lib/udev/rules.d/99-systemd.rules
Rules contain 393216 bytes tokens (32768 * 12 bytes), 34567 bytes strings
29204 strings (241283 bytes), 26007 de-duplicated (209914 bytes), 3198 trie nodes used
Invalid inotify descriptor.
Starting '/bin/sh -c '	ALIASES=/proc/device-tree/aliases; 	if cmp -s $ALIASES/uart0 $ALIASES/serial0; then 		echo 0;	elif cmp -s $ALIASES/uart0 $ALIASES/serial1; then 		echo 1; 	else 		exit 1; fi''
'/bin/sh -c '	ALIASES=/proc/device-tree/aliases; 	if cmp -s $ALIASES/uart0 $ALIASES/serial0; then 		echo 0;	elif cmp -s $ALIASES/uart0 $ALIASES/serial1; then 		echo 1; 	else 		exit 1; 	fi''(out) '1'
Process '/bin/sh -c '	ALIASES=/proc/device-tree/aliases; 	if cmp -s $ALIASES/uart0 $ALIASES/serial0; then 		echo 0;	elif cmp -s $ALIASES/uart0 $ALIASES/serial1; then 		echo 1; 	else 		exit 1; fi'' succeeded.
DEVPATH=/devices/platform/soc/fe201000.serial/tty/ttyAMA0
DEVNAME=/dev/ttyAMA0
MAJOR=204
MINOR=64
ACTION=add
SUBSYSTEM=tty
ID_MM_CANDIDATE=1
DEVLINKS=/dev/serial1
TAGS=:systemd:
USEC_INITIALIZED=5162284
Unload module index
Unloaded link configuration context.




pi@shamoke-rpi1:~ $ systemctl status
● shamoke-rpi1
    State: running
     Jobs: 0 queued
   Failed: 0 units
    Since: Wed 1969-12-31 19:00:02 EST; 51 years 11 months ago
   CGroup: /
           ├─user.slice
           │ └─user-1000.slice
           │   ├─session-3.scope
           │   │ ├─633 /bin/login -f
           │   │ └─974 -bash
           │   ├─user@1000.service
           │   │ ├─pulseaudio.service
           │   │ │ └─1106 /usr/bin/pulseaudio --daemonize=no
           │   │ ├─gvfs-gphoto2-volume-monitor.service
           │   │ │ └─1161 /usr/lib/gvfs/gvfs-gphoto2-volume-monitor
           │   │ ├─dbus.service
           │   │ │ ├─ 983 /usr/bin/dbus-daemon --session --address=systemd: --no
           │   │ │ └─1717 /usr/lib/dconf/dconf-service
           │   │ ├─gvfs-udisks2-volume-monitor.service
           │   │ │ └─1143 /usr/lib/gvfs/gvfs-udisks2-volume-monitor
           │   │ ├─gvfs-metadata.service
           │   │ │ └─1258 /usr/lib/gvfs/gvfsd-metadata
           │   │ ├─gvfs-mtp-volume-monitor.service
           │   │ │ └─1152 /usr/lib/gvfs/gvfs-mtp-volume-monitor
           │   │ ├─gvfs-goa-volume-monitor.service
           │   │ │ └─1175 /usr/lib/gvfs/gvfs-goa-volume-monitor
           │   │ ├─gvfs-afc-volume-monitor.service
           │   │ │ └─1169 /usr/lib/gvfs/gvfs-afc-volume-monitor
           │   │ ├─init.scope
           │   │ │ ├─958 /lib/systemd/systemd --user
           │   │ │ └─959 (sd-pam)
           │   │ └─gvfs-daemon.service
           │   │   ├─1033 /usr/lib/gvfs/gvfsd
           │   │   ├─1038 /usr/lib/gvfs/gvfsd-fuse /run/user/1000/gvfs -f -o big
           │   │   └─1198 /usr/lib/gvfs/gvfsd-trash --spawner :1.4 /org/gtk/gvfs
           │   └─session-1.scope
           │     ├─ 953 lightdm --session-child 14 17
           │     ├─ 973 /usr/bin/lxsession -s LXDE-pi -e LXDE
           │     ├─1020 /usr/bin/ssh-agent x-session-manager
           │     ├─1051 openbox --config-file /home/pi/.config/openbox/lxde-pi-r
           │     ├─1054 lxpolkit
           │     ├─1056 lxpanel --profile LXDE-pi
           │     ├─1057 pcmanfm --desktop --profile LXDE-pi
           │     ├─1064 /usr/bin/ssh-agent -s
           │     ├─1068 /usr/bin/python3 /usr/share/system-config-printer/applet
           │     ├─1079 /usr/lib/geoclue-2.0/demos/agent
           │     ├─1101 xcompmgr -aR
           │     ├─1159 /usr/lib/menu-cache/menu-cached /run/user/1000/menu-cach
           │     ├─1709 mousepad /media/pi/C444-333F/port_cmpr/rasp_buster_updat
           │     ├─1948 lxterminal
           │     ├─1954 bash
           │     ├─1960 systemctl status
           │     └─1961 pager
           ├─init.scope
           │ └─1 /sbin/init splash
           └─system.slice
             ├─lightdm.service
             │ ├─587 /usr/sbin/lightdm
             │ └─632 /usr/lib/xorg/Xorg :0 -seat seat0 -auth /var/run/lightdm/ro
             ├─alsa-state.service
             │ └─471 /usr/sbin/alsactl -E HOME=/run/alsa -s -n 19 -c rdaemon
             ├─systemd-timesyncd.service
             │ └─385 /lib/systemd/systemd-timesyncd
             ├─snapd.service
             │ └─506 /usr/lib/snapd/snapd
             ├─dbus.service
             │ └─427 /usr/bin/dbus-daemon --system --address=systemd: --nofork -
             ├─hciuart.service
             │ └─1120 /usr/bin/hciattach /dev/serial1 bcm43xx 3000000 flow -
             ├─udisks2.service
             │ └─423 /usr/lib/udisks2/udisksd
             ├─ssh.service
             │ └─617 /usr/sbin/sshd -D
             ├─xrdp.service
             │ └─635 /usr/sbin/xrdp
             ├─xrdp-sesman.service
             │ └─613 /usr/sbin/xrdp-sesman
             ├─avahi-daemon.service
             │ ├─424 avahi-daemon: running [shamoke-rpi1.local]
             │ └─437 avahi-daemon: chroot helper
             ├─system-serial\x2dgetty.slice
             │ └─serial-getty@ttyS0.service
             │   └─631 /sbin/agetty -o -p -- \u --keep-baud 115200,38400,9600 tt
             ├─wpa_supplicant.service
             │ └─479 /sbin/wpa_supplicant -u -s -O /run/wpa_supplicant
             ├─triggerhappy.service
             │ └─495 /usr/sbin/thd --triggers /etc/triggerhappy/triggers.d/ --so
             ├─ModemManager.service
             │ └─442 /usr/sbin/ModemManager --filter-policy=strict
             ├─systemd-logind.service
             │ └─449 /lib/systemd/systemd-logind
             ├─rtkit-daemon.service
             │ └─1127 /usr/lib/rtkit/rtkit-daemon
             ├─mysql.service
             │ ├─668 /bin/bash /usr/bin/mysqld_safe
             │ ├─832 /usr/sbin/mysqld --basedir=/usr --datadir=/var/lib/mysql --
             │ └─833 logger -t mysqld -p daemon error
             ├─cups.service
             │ └─494 /usr/sbin/cupsd -l
             ├─polkit.service
             │ └─533 /usr/lib/policykit-1/polkitd --no-debug
             ├─cron.service
             │ └─444 /usr/sbin/cron -f
             ├─apache2.service
             │ ├─752 /usr/sbin/apache2 -k start
             │ ├─838 /usr/sbin/apache2 -k start
             │ ├─839 /usr/sbin/apache2 -k start
             │ ├─840 /usr/sbin/apache2 -k start
             │ ├─841 /usr/sbin/apache2 -k start
             │ └─842 /usr/sbin/apache2 -k start
             ├─systemd-udevd.service
             │ └─161 /lib/systemd/systemd-udevd
             ├─rsyslog.service
             │ └─459 /usr/sbin/rsyslogd -n -iNONE
             ├─bluetooth.service
             │ └─1140 /usr/lib/bluetooth/bluetoothd
             ├─bluealsa.service
             │ └─1141 /usr/bin/bluealsa
             ├─systemd-journald.service
             │ └─132 /lib/systemd/systemd-journald
             ├─rng-tools.service
             │ └─429 /usr/sbin/rngd -r /dev/hwrng
             ├─dhcpcd.service
             │ ├─536 /sbin/dhcpcd -q -b
             │ └─639 wpa_supplicant -B -c/etc/wpa_supplicant/wpa_supplicant.conf
             └─cups-browsed.service
               └─535 /usr/sbin/cups-browsed
lines 106-128/128 (END)
[1]+  Stopped                 systemctl status





<<</boot/config.txt>>>

# For more options and information see
# http://rpf.io/configtxt
# Some settings may impact device functionality. See link above for details

# uncomment if you get no picture on HDMI for a default "safe" mode
#hdmi_safe=1

# uncomment this if your display has a black border of unused pixels visible
# and your display can output without overscan
#disable_overscan=1

# uncomment the following to adjust overscan. Use positive numbers if console
# goes off screen, and negative if there is too much border
#overscan_left=16
#overscan_right=16
#overscan_top=16
#overscan_bottom=16

# uncomment to force a console size. By default it will be display's size minus
# overscan.
#framebuffer_width=1280
#framebuffer_height=720

# uncomment if hdmi display is not detected and composite is being output
#hdmi_force_hotplug=1

# uncomment to force a specific HDMI mode (this will force VGA)
#hdmi_group=1
#hdmi_mode=1

# uncomment to force a HDMI mode rather than DVI. This can make audio work in
# DMT (computer monitor) modes
#hdmi_drive=2

# uncomment to increase signal to HDMI, if you have interference, blanking, or
# no display
#config_hdmi_boost=4

# uncomment for composite PAL
#sdtv_mode=2

#uncomment to overclock the arm. 700 MHz is the default.
#arm_freq=800

# Uncomment some or all of these to enable the optional hardware interfaces
#dtparam=i2c_arm=on
#dtparam=i2s=on
dtparam=spi=on

# Uncomment this to enable infrared communication.
#dtoverlay=gpio-ir,gpio_pin=17
#dtoverlay=gpio-ir-tx,gpio_pin=18

# Additional overlays and parameters are documented /boot/overlays/README

# Enable audio (loads snd_bcm2835)
dtparam=audio=on

[pi4]
# Enable DRM VC4 V3D driver on top of the dispmanx display stack
dtoverlay=vc4-fkms-v3d
max_framebuffers=2

[all]
#dtoverlay=vc4-fkms-v3d

# NOOBS Auto-generated Settings:
hdmi_force_hotplug=1


#RC
gpu_mem=512
enable_uart=1


 

<<</boot/cmdline.txt
    note - i see here that console=serial,... is in the file; some posts have suggested this be 
    removed; but it does not seem to interfere with arduino com in this setup..?? >>>

console=serial0,115200 console=tty1 root=/dev/mmcblk0p7 rootfstype=ext4 elevator=deadline fsck.repair=yes rootwait quiet splash plymouth.ignore-serial-consoles



<<<disconnect/reconnect of arduino uno r3 usb port to usb 2.0 plug on the pi>>>

pi@shamoke-rpi1:~ $ udevadm monitor
monitor will print the received events for:
UDEV - the event which udev sends out after rule processing
KERNEL - the kernel uevent

<<<unplug>>>
KERNEL[1862.374206] remove   /devices/platform/scb/fd500000.pcie/pci0000:00/0000:00:00.0/0000:01:00.0/usb1/1-1/1-1.3/1-1.3:1.0/tty/ttyACM0 (tty)
KERNEL[1862.374436] unbind   /devices/platform/scb/fd500000.pcie/pci0000:00/0000:00:00.0/0000:01:00.0/usb1/1-1/1-1.3/1-1.3:1.1 (usb)
KERNEL[1862.374653] unbind   /devices/platform/scb/fd500000.pcie/pci0000:00/0000:00:00.0/0000:01:00.0/usb1/1-1/1-1.3/1-1.3:1.0 (usb)
KERNEL[1862.374850] remove   /devices/platform/scb/fd500000.pcie/pci0000:00/0000:00:00.0/0000:01:00.0/usb1/1-1/1-1.3/1-1.3:1.0 (usb)
KERNEL[1862.375053] remove   /devices/platform/scb/fd500000.pcie/pci0000:00/0000:00:00.0/0000:01:00.0/usb1/1-1/1-1.3/1-1.3:1.1 (usb)
KERNEL[1862.375941] unbind   /devices/platform/scb/fd500000.pcie/pci0000:00/0000:00:00.0/0000:01:00.0/usb1/1-1/1-1.3 (usb)
KERNEL[1862.376177] remove   /devices/platform/scb/fd500000.pcie/pci0000:00/0000:00:00.0/0000:01:00.0/usb1/1-1/1-1.3 (usb)
UDEV  [1862.398860] remove   /devices/platform/scb/fd500000.pcie/pci0000:00/0000:00:00.0/0000:01:00.0/usb1/1-1/1-1.3/1-1.3:1.0/tty/ttyACM0 (tty)
UDEV  [1862.407840] unbind   /devices/platform/scb/fd500000.pcie/pci0000:00/0000:00:00.0/0000:01:00.0/usb1/1-1/1-1.3/1-1.3:1.0 (usb)
UDEV  [1862.410321] unbind   /devices/platform/scb/fd500000.pcie/pci0000:00/0000:00:00.0/0000:01:00.0/usb1/1-1/1-1.3/1-1.3:1.1 (usb)
UDEV  [1862.415612] remove   /devices/platform/scb/fd500000.pcie/pci0000:00/0000:00:00.0/0000:01:00.0/usb1/1-1/1-1.3/1-1.3:1.0 (usb)
UDEV  [1862.416932] remove   /devices/platform/scb/fd500000.pcie/pci0000:00/0000:00:00.0/0000:01:00.0/usb1/1-1/1-1.3/1-1.3:1.1 (usb)
UDEV  [1862.425096] unbind   /devices/platform/scb/fd500000.pcie/pci0000:00/0000:00:00.0/0000:01:00.0/usb1/1-1/1-1.3 (usb)
UDEV  [1862.431307] remove   /devices/platform/scb/fd500000.pcie/pci0000:00/0000:00:00.0/0000:01:00.0/usb1/1-1/1-1.3 (usb)


<<<plug in>>>
KERNEL[1913.763988] add      /devices/platform/scb/fd500000.pcie/pci0000:00/0000:00:00.0/0000:01:00.0/usb1/1-1/1-1.3 (usb)
KERNEL[1913.770135] add      /devices/platform/scb/fd500000.pcie/pci0000:00/0000:00:00.0/0000:01:00.0/usb1/1-1/1-1.3/1-1.3:1.0 (usb)
KERNEL[1913.780577] add      /devices/platform/scb/fd500000.pcie/pci0000:00/0000:00:00.0/0000:01:00.0/usb1/1-1/1-1.3/1-1.3:1.0/tty/ttyACM0 (tty)
KERNEL[1913.780825] bind     /devices/platform/scb/fd500000.pcie/pci0000:00/0000:00:00.0/0000:01:00.0/usb1/1-1/1-1.3/1-1.3:1.0 (usb)
KERNEL[1913.781043] add      /devices/platform/scb/fd500000.pcie/pci0000:00/0000:00:00.0/0000:01:00.0/usb1/1-1/1-1.3/1-1.3:1.1 (usb)
KERNEL[1913.781256] bind     /devices/platform/scb/fd500000.pcie/pci0000:00/0000:00:00.0/0000:01:00.0/usb1/1-1/1-1.3/1-1.3:1.1 (usb)
KERNEL[1913.781536] bind     /devices/platform/scb/fd500000.pcie/pci0000:00/0000:00:00.0/0000:01:00.0/usb1/1-1/1-1.3 (usb)
UDEV  [1913.816463] add      /devices/platform/scb/fd500000.pcie/pci0000:00/0000:00:00.0/0000:01:00.0/usb1/1-1/1-1.3 (usb)
UDEV  [1913.829037] add      /devices/platform/scb/fd500000.pcie/pci0000:00/0000:00:00.0/0000:01:00.0/usb1/1-1/1-1.3/1-1.3:1.0 (usb)
UDEV  [1913.833883] add      /devices/platform/scb/fd500000.pcie/pci0000:00/0000:00:00.0/0000:01:00.0/usb1/1-1/1-1.3/1-1.3:1.1 (usb)
UDEV  [1913.841937] add      /devices/platform/scb/fd500000.pcie/pci0000:00/0000:00:00.0/0000:01:00.0/usb1/1-1/1-1.3/1-1.3:1.0/tty/ttyACM0 (tty)
UDEV  [1913.846960] bind     /devices/platform/scb/fd500000.pcie/pci0000:00/0000:00:00.0/0000:01:00.0/usb1/1-1/1-1.3/1-1.3:1.1 (usb)
UDEV  [1913.854346] bind     /devices/platform/scb/fd500000.pcie/pci0000:00/0000:00:00.0/0000:01:00.0/usb1/1-1/1-1.3/1-1.3:1.0 (usb)
UDEV  [1913.887638] bind     /devices/platform/scb/fd500000.pcie/pci0000:00/0000:00:00.0/0000:01:00.0/usb1/1-1/1-1.3 (usb)



<<</etc/udev/rules.d/99-com.rules present - note it appears to create serial simlinks that 
   might be relevant to the ubuntu os, since it works over ttyAMA0, but here with the Raspian
OS, it uses ttyACM0.......>>>


SUBSYSTEM=="input", GROUP="input", MODE="0660"
SUBSYSTEM=="i2c-dev", GROUP="i2c", MODE="0660"
SUBSYSTEM=="spidev", GROUP="spi", MODE="0660"
SUBSYSTEM=="bcm2835-gpiomem", GROUP="gpio", MODE="0660"
SUBSYSTEM=="argon-*", GROUP="video", MODE="0660"
SUBSYSTEM=="rpivid-*", GROUP="video", MODE="0660"

SUBSYSTEM=="gpio", GROUP="gpio", MODE="0660"
SUBSYSTEM=="gpio*", PROGRAM="/bin/sh -c '\
	chown -R root:gpio /sys/class/gpio && chmod -R 770 /sys/class/gpio;\
	chown -R root:gpio /sys/devices/virtual/gpio && chmod -R 770 /sys/devices/virtual/gpio;\
	chown -R root:gpio /sys$devpath && chmod -R 770 /sys$devpath\
'"

KERNEL=="ttyAMA[01]", PROGRAM="/bin/sh -c '\
	ALIASES=/proc/device-tree/aliases; \
	if cmp -s $ALIASES/uart0 $ALIASES/serial0; then \
		echo 0;\
	elif cmp -s $ALIASES/uart0 $ALIASES/serial1; then \
		echo 1; \
	else \
		exit 1; \
	fi\
'", SYMLINK+="serial%c"

KERNEL=="ttyS0", PROGRAM="/bin/sh -c '\
	ALIASES=/proc/device-tree/aliases; \
	if cmp -s $ALIASES/uart1 $ALIASES/serial0; then \
		echo 0; \
	elif cmp -s $ALIASES/uart1 $ALIASES/serial1; then \
		echo 1; \
	else \
		exit 1; \
	fi \
'", SYMLINK+="serial%c"



<<</lib/udev/rules.d/60-serial.rules present - looks like this would be the source of the 
   symlinks for /dev/serial   /by-path and /by-id that seems to associate ttyACM0 with the 
   arduino uno device;

   note this file does exist verbatim in the ubuntu dt install but since it doesnt look for 
   ttyAMAx, how could it work?>>>


# do not edit this file, it will be overwritten on update

ACTION=="remove", GOTO="serial_end"
SUBSYSTEM!="tty", GOTO="serial_end"

SUBSYSTEMS=="pci", ENV{ID_BUS}="pci", ENV{ID_VENDOR_ID}="$attr{vendor}", ENV{ID_MODEL_ID}="$attr{device}"
SUBSYSTEMS=="pci", IMPORT{builtin}="hwdb --subsystem=pci"
SUBSYSTEMS=="usb", IMPORT{builtin}="usb_id", IMPORT{builtin}="hwdb --subsystem=usb"

# /dev/serial/by-path/, /dev/serial/by-id/ for USB devices
KERNEL!="ttyUSB[0-9]*|ttyACM[0-9]*", GOTO="serial_end"

SUBSYSTEMS=="usb-serial", ENV{.ID_PORT}="$attr{port_number}"

IMPORT{builtin}="path_id"
ENV{ID_PATH}=="?*", ENV{.ID_PORT}=="", SYMLINK+="serial/by-path/$env{ID_PATH}"
ENV{ID_PATH}=="?*", ENV{.ID_PORT}=="?*", SYMLINK+="serial/by-path/$env{ID_PATH}-port$env{.ID_PORT}"

IMPORT{builtin}="usb_id"
ENV{ID_SERIAL}=="", GOTO="serial_end"
SUBSYSTEMS=="usb", ENV{ID_USB_INTERFACE_NUM}="$attr{bInterfaceNumber}"
ENV{ID_USB_INTERFACE_NUM}=="", GOTO="serial_end"
ENV{.ID_PORT}=="", SYMLINK+="serial/by-id/$env{ID_BUS}-$env{ID_SERIAL}-if$env{ID_USB_INTERFACE_NUM}"
ENV{.ID_PORT}=="?*", SYMLINK+="serial/by-id/$env{ID_BUS}-$env{ID_SERIAL}-if$env{ID_USB_INTERFACE_NUM}-port$env{.ID_PORT}"

LABEL="serial_end"


<<<<<<<<<other notes>>>>>>>>>>>>>>>>>>>>>






links of interest:


ls -alF /dev/bus/usb/001    ??? check lsusb to get bus / device and surf to the next level to study the result

symlink info - maybe use to trace soruce of serial in /dev on raspbian
https://unix.stackexchange.com/questions/445450/how-to-create-a-permanent-symlink-to-a-device


<<<look at proc/device-tree/aliases>>>

pi@shamoke-rpi1:~ $ ls /proc/device-tree/aliases
audio     emmc2bus   i2c1   i2c5     mailbox  pcie0    sound  spi5     watchdog
aux       ethernet0  i2c10  i2c6     mmc      random   spi0   spi6
axiperf   fb         i2c20  i2c_arm  mmc0     sdhost   spi1   thermal
blconfig  gpio       i2c21  i2c_vc   mmc1     serial0  spi2   uart0
display0  i2c        i2c3   i2s      mmc2     serial1  spi3   uart1
dma       i2c0       i2c4   leds     name     soc      spi4   usb


<<<looking for rules that affect serial com
   note that there is a rule in 77-mm-usb-device-blacklist.rules that seems relevant to the arduino
   uno board:

   ATTRS{idVendor}=="2a03", ENV{ID_MM_DEVICE_IGNORE}="1"

   what does this do???>>>

pi@shamoke-rpi1:/lib/udev/rules.d $ grep -r 'serial' .
./60-persistent-storage.rules:KERNEL=="nvme*[0-9]n*[0-9]", ENV{DEVTYPE}=="disk", ATTRS{serial}=="?*", ENV{ID_SERIAL_SHORT}="$attr{serial}"
./60-persistent-storage.rules:KERNEL=="nvme*[0-9]n*[0-9]p*[0-9]", ENV{DEVTYPE}=="partition", ATTRS{serial}=="?*", ENV{ID_SERIAL_SHORT}="$attr{serial}"
./60-persistent-storage.rules:KERNEL=="vd*[!0-9]", ATTRS{serial}=="?*", ENV{ID_SERIAL}="$attr{serial}", SYMLINK+="disk/by-id/virtio-$env{ID_SERIAL}"
./60-persistent-storage.rules:KERNEL=="vd*[0-9]", ATTRS{serial}=="?*", ENV{ID_SERIAL}="$attr{serial}", SYMLINK+="disk/by-id/virtio-$env{ID_SERIAL}-part%n"
./60-persistent-storage.rules:KERNEL=="mmcblk[0-9]", SUBSYSTEMS=="mmc", ATTRS{name}=="?*", ATTRS{serial}=="?*", \
./60-persistent-storage.rules:  ENV{ID_NAME}="$attr{name}", ENV{ID_SERIAL}="$attr{serial}", SYMLINK+="disk/by-id/mmc-$env{ID_NAME}_$env{ID_SERIAL}"
./60-persistent-storage.rules:KERNEL=="msblk[0-9]|mspblk[0-9]", SUBSYSTEMS=="memstick", ATTRS{name}=="?*", ATTRS{serial}=="?*", \
./60-persistent-storage.rules:  ENV{ID_NAME}="$attr{name}", ENV{ID_SERIAL}="$attr{serial}", SYMLINK+="disk/by-id/memstick-$env{ID_NAME}_$env{ID_SERIAL}"
./65-libwacom.rules:# Match all serial wacom tablets with a serial ID starting with WACf
./60-avrdude.rules:SUBSYSTEMS=="usb-serial", TAG+="uaccess"
./77-mm-usb-device-blacklist.rules:# Cypress M8-based GPS devices, UPSes, and serial converters
./77-mm-usb-serial-adapters-greylist.rules:ACTION!="add|change|move|bind", GOTO="mm_usb_serial_adapters_greylist_end"
./77-mm-usb-serial-adapters-greylist.rules:SUBSYSTEM!="usb", GOTO="mm_usb_serial_adapters_greylist_end"
./77-mm-usb-serial-adapters-greylist.rules:# FTDI-based serial adapters
./77-mm-usb-serial-adapters-greylist.rules:#   FTDI does USB to serial converter ICs; and it's very likely that they'll
./77-mm-usb-serial-adapters-greylist.rules:LABEL="mm_usb_serial_adapters_greylist_end"
./60-serial.rules:ACTION=="remove", GOTO="serial_end"
./60-serial.rules:SUBSYSTEM!="tty", GOTO="serial_end"
./60-serial.rules:# /dev/serial/by-path/, /dev/serial/by-id/ for USB devices
./60-serial.rules:KERNEL!="ttyUSB[0-9]*|ttyACM[0-9]*", GOTO="serial_end"
./60-serial.rules:SUBSYSTEMS=="usb-serial", ENV{.ID_PORT}="$attr{port_number}"
./60-serial.rules:ENV{ID_PATH}=="?*", ENV{.ID_PORT}=="", SYMLINK+="serial/by-path/$env{ID_PATH}"
./60-serial.rules:ENV{ID_PATH}=="?*", ENV{.ID_PORT}=="?*", SYMLINK+="serial/by-path/$env{ID_PATH}-port$env{.ID_PORT}"
./60-serial.rules:ENV{ID_SERIAL}=="", GOTO="serial_end"
./60-serial.rules:ENV{ID_USB_INTERFACE_NUM}=="", GOTO="serial_end"
./60-serial.rules:ENV{.ID_PORT}=="", SYMLINK+="serial/by-id/$env{ID_BUS}-$env{ID_SERIAL}-if$env{ID_USB_INTERFACE_NUM}"
./60-serial.rules:ENV{.ID_PORT}=="?*", SYMLINK+="serial/by-id/$env{ID_BUS}-$env{ID_SERIAL}-if$env{ID_USB_INTERFACE_NUM}-port$env{.ID_PORT}"
./60-serial.rules:LABEL="serial_end"
./60-persistent-input.rules:# fill empty serial number
./60-persistent-input.rules:ENV{.INPUT_CLASS}=="?*", ENV{ID_SERIAL}=="", ENV{ID_SERIAL}="noserial"
./60-flashrom.rules:# http://www.diygadget.com/tiao-usb-multi-protocol-adapter-jtag-spi-i2c-serial.html
./60-libgphoto2-6.rules:#   libgphoto2_port 0.12.0         iolibs: disk ptpip serial usb1 usbdiskdirect usbscsi, gcc, ltdl, USB, serial without locking
 

pi@shamoke-rpi1:/etc/udev/rules.d $ grep -r 'serial' .
./99-com.rules:	if cmp -s $ALIASES/uart0 $ALIASES/serial0; then \
./99-com.rules:	elif cmp -s $ALIASES/uart0 $ALIASES/serial1; then \
./99-com.rules:'", SYMLINK+="serial%c"
./99-com.rules:	if cmp -s $ALIASES/uart1 $ALIASES/serial0; then \
./99-com.rules:	elif cmp -s $ALIASES/uart1 $ALIASES/serial1; then \
./99-com.rules:'", SYMLINK+="serial%c"
./70-snap.core.rules:# systems serial ports are provided by platform devices.
./70-snap.core.rules:# Cypress M8-based GPS devices, UPSes, and serial converters
./70-snap.core.rules:ACTION!="add|change|move", GOTO="mm_usb_serial_adapters_greylist_end"
./70-snap.core.rules:SUBSYSTEM!="usb", GOTO="mm_usb_serial_adapters_greylist_end"
./70-snap.core.rules:ENV{DEVTYPE}!="usb_device",  GOTO="mm_usb_serial_adapters_greylist_end"
./70-snap.core.rules:# FTDI-based serial adapters
./70-snap.core.rules:#   FTDI does USB to serial converter ICs; and it's very likely that they'll
./70-snap.core.rules:LABEL="mm_usb_serial_adapters_greylist_end"
./70-snap.core.rules:# Ignore fake serial number
./70-snap.core.rules:ATTRS{serial}=="1234567890ABCDEF", ENV{ID_SERIAL_SHORT}=""
 






> misc notes
fdtdump dtb_file.dtb > /tmp/test.txt

